
R version 4.3.1 (2023-06-16) -- "Beagle Scouts"
Copyright (C) 2023 The R Foundation for Statistical Computing
Platform: aarch64-apple-darwin20 (64-bit)

R is free software and comes with ABSOLUTELY NO WARRANTY.
You are welcome to redistribute it under certain conditions.
Type 'license()' or 'licence()' for distribution details.

  Natural language support but running in an English locale

R is a collaborative project with many contributors.
Type 'contributors()' for more information and
'citation()' on how to cite R or R packages in publications.

Type 'demo()' for some demos, 'help()' for on-line help, or
'help.start()' for an HTML browser interface to help.
Type 'q()' to quit R.

> setwd("~/PhD_thesis/Thesis_1_SNTTEM/Codes/PS1_Efficiency_delta_4")
> files <- list.files(path = "~/PhD_thesis/Thesis_1_SNTTEM/Codes/PS1_Efficiency_delta_4", pattern = "PS1_control+")
> for (i in 1:8) {
+   source(files[i])
+   if(i == 1) {
+     result <- temp
+   } else{
+     result <- rbind(result, temp)
+   }
+ }
── Attaching core tidyverse packages ──────────────────────── tidyverse 2.0.0 ──
✔ dplyr     1.1.4     ✔ readr     2.1.5
✔ forcats   1.0.0     ✔ stringr   1.5.1
✔ ggplot2   3.5.2     ✔ tibble    3.3.0
✔ lubridate 1.9.3     ✔ tidyr     1.3.1
✔ purrr     1.0.4     
── Conflicts ────────────────────────────────────────── tidyverse_conflicts() ──
✖ dplyr::filter() masks stats::filter()
✖ dplyr::lag()    masks stats::lag()
ℹ Use the conflicted package (<http://conflicted.r-lib.org/>) to force all conflicts to become errors
Loading required package: future
Registered S3 method overwritten by 'future':
  method               from      
  all.equal.connection parallelly

Attaching package: ‘geex’

The following object is masked from ‘package:lubridate’:

    show

The following object is masked from ‘package:methods’:

    show


Attaching package: ‘MASS’

The following object is masked from ‘package:dplyr’:

    select

Loading required package: sandwich
45.019 sec elapsed
47.909 sec elapsed
22.716 sec elapsed
106.175 sec elapsed
51.284 sec elapsed
54.96 sec elapsed
23.573 sec elapsed
105.197 sec elapsed
49.698 sec elapsed
53.053 sec elapsed
21.742 sec elapsed
105.408 sec elapsed
50.567 sec elapsed
55.536 sec elapsed
36.654 sec elapsed
111.396 sec elapsed
52.192 sec elapsed
56.891 sec elapsed
22.796 sec elapsed
109.783 sec elapsed
50.251 sec elapsed
56.624 sec elapsed
24.492 sec elapsed
108.828 sec elapsed
51.792 sec elapsed
56.743 sec elapsed
22.915 sec elapsed
111.045 sec elapsed
53.106 sec elapsed
56.429 sec elapsed
23.223 sec elapsed
113.444 sec elapsed
Warning messages:
1: package ‘ggplot2’ was built under R version 4.3.3 
2: package ‘tibble’ was built under R version 4.3.3 
3: package ‘purrr’ was built under R version 4.3.3 
4: package ‘rootSolve’ was built under R version 4.3.3 
5: package ‘future’ was built under R version 4.3.3 
6: package ‘matrixcalc’ was built under R version 4.3.3 
7: package ‘gmm’ was built under R version 4.3.3 
> Sys.time()
[1] "2025-11-12 21:22:49 EST"
> 
> 
> saveRDS(result, file = "simulation_results.rds")
> 
> proc.time()
    user   system  elapsed 
 127.309   12.086 1912.986 
