[Parallel(n_jobs=-1)]: Using backend LokyBackend with 12 concurrent workers.

============================================================
[1/36] Running: p_I1=0.2, p_I2=0.2, ph1=0.2, ph2=0.2
============================================================
[Parallel(n_jobs=-1)]: Done  48 tasks      | elapsed:  1.4min
[Parallel(n_jobs=-1)]: Done 138 tasks      | elapsed:  4.1min
[Parallel(n_jobs=-1)]: Done 264 tasks      | elapsed:  7.6min
[Parallel(n_jobs=-1)]: Done 300 out of 300 | elapsed:  8.5min finished
[Parallel(n_jobs=-1)]: Using backend LokyBackend with 12 concurrent workers.
[Parallel(n_jobs=-1)]: Done  48 tasks      | elapsed:  1.6min
[Parallel(n_jobs=-1)]: Done 138 tasks      | elapsed:  4.7min
[Parallel(n_jobs=-1)]: Done 264 tasks      | elapsed:  8.7min
[Parallel(n_jobs=-1)]: Done 300 out of 300 | elapsed:  9.7min finished
[Parallel(n_jobs=-1)]: Using backend LokyBackend with 12 concurrent workers.
[Parallel(n_jobs=-1)]: Done  48 tasks      | elapsed:  1.7min
[Parallel(n_jobs=-1)]: Done 138 tasks      | elapsed:  5.0min
[Parallel(n_jobs=-1)]: Done 264 tasks      | elapsed:  9.0min
[Parallel(n_jobs=-1)]: Done 300 out of 300 | elapsed: 10.1min finished
[Parallel(n_jobs=-1)]: Using backend LokyBackend with 12 concurrent workers.
[Parallel(n_jobs=-1)]: Done  48 tasks      | elapsed:  1.5min
[Parallel(n_jobs=-1)]: Done 138 tasks      | elapsed:  4.1min
[Parallel(n_jobs=-1)]: Done 264 tasks      | elapsed:  7.7min
[Parallel(n_jobs=-1)]: Done 300 out of 300 | elapsed:  8.6min finished
[Parallel(n_jobs=-1)]: Using backend LokyBackend with 12 concurrent workers.
[Parallel(n_jobs=-1)]: Done  48 tasks      | elapsed:  1.8min
[Parallel(n_jobs=-1)]: Done 138 tasks      | elapsed:  5.1min
[Parallel(n_jobs=-1)]: Done 264 tasks      | elapsed:  9.7min
[Parallel(n_jobs=-1)]: Done 300 out of 300 | elapsed: 10.8min finished
[Parallel(n_jobs=-1)]: Using backend LokyBackend with 12 concurrent workers.
[Parallel(n_jobs=-1)]: Done  48 tasks      | elapsed:  1.9min
[Parallel(n_jobs=-1)]: Done 138 tasks      | elapsed:  5.6min
[Parallel(n_jobs=-1)]: Done 264 tasks      | elapsed: 10.4min
[Parallel(n_jobs=-1)]: Done 300 out of 300 | elapsed: 11.7min finished
[Parallel(n_jobs=-1)]: Using backend LokyBackend with 12 concurrent workers.
[Parallel(n_jobs=-1)]: Done  48 tasks      | elapsed:  1.9min
[Parallel(n_jobs=-1)]: Done 138 tasks      | elapsed:  5.5min
[Parallel(n_jobs=-1)]: Done 264 tasks      | elapsed: 10.2min
[Parallel(n_jobs=-1)]: Done 300 out of 300 | elapsed: 11.5min finished
[Parallel(n_jobs=-1)]: Using backend LokyBackend with 12 concurrent workers.
[Parallel(n_jobs=-1)]: Done  48 tasks      | elapsed:  2.0min
[Parallel(n_jobs=-1)]: Done 138 tasks      | elapsed:  6.1min
[Parallel(n_jobs=-1)]: Done 264 tasks      | elapsed: 11.2min
[Parallel(n_jobs=-1)]: Done 300 out of 300 | elapsed: 12.5min finished
[Parallel(n_jobs=-1)]: Using backend LokyBackend with 12 concurrent workers.
[Parallel(n_jobs=-1)]: Done  48 tasks      | elapsed:  2.2min
[Parallel(n_jobs=-1)]: Done 138 tasks      | elapsed:  6.1min
[Parallel(n_jobs=-1)]: Done 264 tasks      | elapsed: 11.2min
[Parallel(n_jobs=-1)]: Done 300 out of 300 | elapsed: 12.6min finished
[Parallel(n_jobs=-1)]: Using backend LokyBackend with 12 concurrent workers.
[Parallel(n_jobs=-1)]: Done  48 tasks      | elapsed:  1.7min
[Parallel(n_jobs=-1)]: Done 138 tasks      | elapsed:  4.5min
[Parallel(n_jobs=-1)]: Done 264 tasks      | elapsed:  8.4min
[Parallel(n_jobs=-1)]: Done 300 out of 300 | elapsed:  9.4min finished
[Parallel(n_jobs=-1)]: Using backend LokyBackend with 12 concurrent workers.
[Parallel(n_jobs=-1)]: Done  48 tasks      | elapsed:  1.8min
[Parallel(n_jobs=-1)]: Done 138 tasks      | elapsed:  5.1min
[Parallel(n_jobs=-1)]: Done 264 tasks      | elapsed:  9.6min
[Parallel(n_jobs=-1)]: Done 300 out of 300 | elapsed: 10.7min finished
[Parallel(n_jobs=-1)]: Using backend LokyBackend with 12 concurrent workers.
[Parallel(n_jobs=-1)]: Done  48 tasks      | elapsed:  1.9min
[Parallel(n_jobs=-1)]: Done 138 tasks      | elapsed:  5.8min
[Parallel(n_jobs=-1)]: Done 264 tasks      | elapsed: 10.8min
[Parallel(n_jobs=-1)]: Done 300 out of 300 | elapsed: 12.2min finished
[Parallel(n_jobs=-1)]: Using backend LokyBackend with 12 concurrent workers.
[Parallel(n_jobs=-1)]: Done  48 tasks      | elapsed:  1.8min
[Parallel(n_jobs=-1)]: Done 138 tasks      | elapsed:  5.1min
[Parallel(n_jobs=-1)]: Done 264 tasks      | elapsed:  9.8min
[Parallel(n_jobs=-1)]: Done 300 out of 300 | elapsed: 10.9min finished
[Parallel(n_jobs=-1)]: Using backend LokyBackend with 12 concurrent workers.
[Parallel(n_jobs=-1)]: Done  48 tasks      | elapsed:  1.9min
[Parallel(n_jobs=-1)]: Done 138 tasks      | elapsed:  5.4min
[Parallel(n_jobs=-1)]: Done 264 tasks      | elapsed: 10.2min
[Parallel(n_jobs=-1)]: Done 300 out of 300 | elapsed: 11.3min finished
[Parallel(n_jobs=-1)]: Using backend LokyBackend with 12 concurrent workers.
[Parallel(n_jobs=-1)]: Done  48 tasks      | elapsed:  2.0min
[Parallel(n_jobs=-1)]: Done 138 tasks      | elapsed:  5.7min
[Parallel(n_jobs=-1)]: Done 264 tasks      | elapsed: 10.0min
[Parallel(n_jobs=-1)]: Done 300 out of 300 | elapsed: 11.0min finished
[Parallel(n_jobs=-1)]: Using backend LokyBackend with 12 concurrent workers.
[Parallel(n_jobs=-1)]: Done  48 tasks      | elapsed:  1.4min
[Parallel(n_jobs=-1)]: Done 138 tasks      | elapsed:  4.1min
[Parallel(n_jobs=-1)]: Done 264 tasks      | elapsed:  7.5min
[Parallel(n_jobs=-1)]: Done 300 out of 300 | elapsed:  8.5min finished
[Parallel(n_jobs=-1)]: Using backend LokyBackend with 12 concurrent workers.
[Parallel(n_jobs=-1)]: Done  48 tasks      | elapsed:  1.6min
[Parallel(n_jobs=-1)]: Done 138 tasks      | elapsed:  4.5min
[Parallel(n_jobs=-1)]: Done 264 tasks      | elapsed:  8.2min
[Parallel(n_jobs=-1)]: Done 300 out of 300 | elapsed:  9.3min finished
[Parallel(n_jobs=-1)]: Using backend LokyBackend with 12 concurrent workers.
[Parallel(n_jobs=-1)]: Done  48 tasks      | elapsed:  1.6min
[Parallel(n_jobs=-1)]: Done 138 tasks      | elapsed:  4.7min
[Parallel(n_jobs=-1)]: Done 264 tasks      | elapsed:  8.7min
[Parallel(n_jobs=-1)]: Done 300 out of 300 | elapsed:  9.8min finished
[Parallel(n_jobs=-1)]: Using backend LokyBackend with 12 concurrent workers.
[Parallel(n_jobs=-1)]: Done  48 tasks      | elapsed:  1.3min
[Parallel(n_jobs=-1)]: Done 138 tasks      | elapsed:  3.6min
[Parallel(n_jobs=-1)]: Done 264 tasks      | elapsed:  6.7min
[Parallel(n_jobs=-1)]: Done 300 out of 300 | elapsed:  7.5min finished
[Parallel(n_jobs=-1)]: Using backend LokyBackend with 12 concurrent workers.
[Parallel(n_jobs=-1)]: Done  48 tasks      | elapsed:  1.4min
[Parallel(n_jobs=-1)]: Done 138 tasks      | elapsed:  4.0min
[Parallel(n_jobs=-1)]: Done 264 tasks      | elapsed:  7.4min
[Parallel(n_jobs=-1)]: Done 300 out of 300 | elapsed:  8.3min finished
[Parallel(n_jobs=-1)]: Using backend LokyBackend with 12 concurrent workers.
[Parallel(n_jobs=-1)]: Done  48 tasks      | elapsed:  1.5min
[Parallel(n_jobs=-1)]: Done 138 tasks      | elapsed:  4.3min
[Parallel(n_jobs=-1)]: Done 264 tasks      | elapsed:  8.1min
[Parallel(n_jobs=-1)]: Done 300 out of 300 | elapsed:  9.1min finished
[Parallel(n_jobs=-1)]: Using backend LokyBackend with 12 concurrent workers.
[Parallel(n_jobs=-1)]: Done  48 tasks      | elapsed:  1.3min
[Parallel(n_jobs=-1)]: Done 138 tasks      | elapsed:  3.9min
[Parallel(n_jobs=-1)]: Done 264 tasks      | elapsed:  7.2min
[Parallel(n_jobs=-1)]: Done 300 out of 300 | elapsed:  8.0min finished
[Parallel(n_jobs=-1)]: Using backend LokyBackend with 12 concurrent workers.
[Parallel(n_jobs=-1)]: Done  48 tasks      | elapsed:  1.5min
[Parallel(n_jobs=-1)]: Done 138 tasks      | elapsed:  4.3min
[Parallel(n_jobs=-1)]: Done 264 tasks      | elapsed:  7.9min
[Parallel(n_jobs=-1)]: Done 300 out of 300 | elapsed:  8.9min finished
[Parallel(n_jobs=-1)]: Using backend LokyBackend with 12 concurrent workers.
[Parallel(n_jobs=-1)]: Done  48 tasks      | elapsed:  1.6min
[Parallel(n_jobs=-1)]: Done 138 tasks      | elapsed:  4.6min
[Parallel(n_jobs=-1)]: Done 264 tasks      | elapsed:  8.5min
[Parallel(n_jobs=-1)]: Done 300 out of 300 | elapsed:  9.6min finished
[Parallel(n_jobs=-1)]: Using backend LokyBackend with 12 concurrent workers.
[Parallel(n_jobs=-1)]: Done  48 tasks      | elapsed:  1.4min
[Parallel(n_jobs=-1)]: Done 138 tasks      | elapsed:  4.1min
[Parallel(n_jobs=-1)]: Done 264 tasks      | elapsed:  7.5min
[Parallel(n_jobs=-1)]: Done 300 out of 300 | elapsed:  8.4min finished
[Parallel(n_jobs=-1)]: Using backend LokyBackend with 12 concurrent workers.
[Parallel(n_jobs=-1)]: Done  48 tasks      | elapsed:  1.5min
[Parallel(n_jobs=-1)]: Done 138 tasks      | elapsed:  4.4min
[Parallel(n_jobs=-1)]: Done 264 tasks      | elapsed:  8.2min
[Parallel(n_jobs=-1)]: Done 300 out of 300 | elapsed:  9.2min finished
[Parallel(n_jobs=-1)]: Using backend LokyBackend with 12 concurrent workers.
[Parallel(n_jobs=-1)]: Done  48 tasks      | elapsed:  1.6min
[Parallel(n_jobs=-1)]: Done 138 tasks      | elapsed:  4.7min
[Parallel(n_jobs=-1)]: Done 264 tasks      | elapsed:  8.6min
[Parallel(n_jobs=-1)]: Done 300 out of 300 | elapsed:  9.7min finished
[Parallel(n_jobs=-1)]: Using backend LokyBackend with 12 concurrent workers.
[Parallel(n_jobs=-1)]: Done  48 tasks      | elapsed:  1.2min
[Parallel(n_jobs=-1)]: Done 138 tasks      | elapsed:  3.5min
[Parallel(n_jobs=-1)]: Done 264 tasks      | elapsed:  6.5min
[Parallel(n_jobs=-1)]: Done 300 out of 300 | elapsed:  7.3min finished
[Parallel(n_jobs=-1)]: Using backend LokyBackend with 12 concurrent workers.
[Parallel(n_jobs=-1)]: Done  48 tasks      | elapsed:  1.4min
[Parallel(n_jobs=-1)]: Done 138 tasks      | elapsed:  4.0min
[Parallel(n_jobs=-1)]: Done 264 tasks      | elapsed:  7.3min
[Parallel(n_jobs=-1)]: Done 300 out of 300 | elapsed:  8.2min finished
[Parallel(n_jobs=-1)]: Using backend LokyBackend with 12 concurrent workers.
[Parallel(n_jobs=-1)]: Done  48 tasks      | elapsed:  1.5min
[Parallel(n_jobs=-1)]: Done 138 tasks      | elapsed:  4.3min
[Parallel(n_jobs=-1)]: Done 264 tasks      | elapsed:  8.0min
[Parallel(n_jobs=-1)]: Done 300 out of 300 | elapsed:  9.0min finished
[Parallel(n_jobs=-1)]: Using backend LokyBackend with 12 concurrent workers.
[Parallel(n_jobs=-1)]: Done  48 tasks      | elapsed:  1.3min
[Parallel(n_jobs=-1)]: Done 138 tasks      | elapsed:  3.8min
[Parallel(n_jobs=-1)]: Done 264 tasks      | elapsed:  7.1min
[Parallel(n_jobs=-1)]: Done 300 out of 300 | elapsed:  7.9min finished
[Parallel(n_jobs=-1)]: Using backend LokyBackend with 12 concurrent workers.
[Parallel(n_jobs=-1)]: Done  48 tasks      | elapsed:  1.5min
[Parallel(n_jobs=-1)]: Done 138 tasks      | elapsed:  4.3min
[Parallel(n_jobs=-1)]: Done 264 tasks      | elapsed:  7.9min
[Parallel(n_jobs=-1)]: Done 300 out of 300 | elapsed:  8.9min finished
[Parallel(n_jobs=-1)]: Using backend LokyBackend with 12 concurrent workers.
[Parallel(n_jobs=-1)]: Done  48 tasks      | elapsed:  1.6min
[Parallel(n_jobs=-1)]: Done 138 tasks      | elapsed:  4.6min
[Parallel(n_jobs=-1)]: Done 264 tasks      | elapsed:  8.5min
[Parallel(n_jobs=-1)]: Done 300 out of 300 | elapsed:  9.5min finished
[Parallel(n_jobs=-1)]: Using backend LokyBackend with 12 concurrent workers.
[Parallel(n_jobs=-1)]: Done  48 tasks      | elapsed:  1.4min
[Parallel(n_jobs=-1)]: Done 138 tasks      | elapsed:  4.0min
[Parallel(n_jobs=-1)]: Done 264 tasks      | elapsed:  7.4min
[Parallel(n_jobs=-1)]: Done 300 out of 300 | elapsed:  8.3min finished
[Parallel(n_jobs=-1)]: Using backend LokyBackend with 12 concurrent workers.
[Parallel(n_jobs=-1)]: Done  48 tasks      | elapsed:  1.5min
[Parallel(n_jobs=-1)]: Done 138 tasks      | elapsed:  4.4min
[Parallel(n_jobs=-1)]: Done 264 tasks      | elapsed:  8.1min
[Parallel(n_jobs=-1)]: Done 300 out of 300 | elapsed:  9.1min finished
[Parallel(n_jobs=-1)]: Using backend LokyBackend with 12 concurrent workers.
[Parallel(n_jobs=-1)]: Done  48 tasks      | elapsed:  1.6min
[Parallel(n_jobs=-1)]: Done 138 tasks      | elapsed:  4.6min
[Parallel(n_jobs=-1)]: Done 264 tasks      | elapsed:  8.5min
[Parallel(n_jobs=-1)]: Done 300 out of 300 | elapsed:  9.6min finished
Done in 507.9s

============================================================
[2/36] Running: p_I1=0.2, p_I2=0.2, ph1=0.2, ph2=0.5
============================================================
Done in 579.5s

============================================================
[3/36] Running: p_I1=0.2, p_I2=0.2, ph1=0.2, ph2=0.8
============================================================
Done in 606.2s

============================================================
[4/36] Running: p_I1=0.2, p_I2=0.2, ph1=0.5, ph2=0.2
============================================================
Done in 515.9s

============================================================
[5/36] Running: p_I1=0.2, p_I2=0.2, ph1=0.5, ph2=0.5
============================================================
Done in 650.4s

============================================================
[6/36] Running: p_I1=0.2, p_I2=0.2, ph1=0.5, ph2=0.8
============================================================
Done in 700.0s

============================================================
[7/36] Running: p_I1=0.2, p_I2=0.2, ph1=0.8, ph2=0.2
============================================================
Done in 689.1s

============================================================
[8/36] Running: p_I1=0.2, p_I2=0.2, ph1=0.8, ph2=0.5
============================================================
Done in 750.9s

============================================================
[9/36] Running: p_I1=0.2, p_I2=0.2, ph1=0.8, ph2=0.8
============================================================
Done in 755.5s

============================================================
[10/36] Running: p_I1=0.2, p_I2=1, ph1=0.2, ph2=0.2
============================================================
Done in 565.2s

============================================================
[11/36] Running: p_I1=0.2, p_I2=1, ph1=0.2, ph2=0.5
============================================================
Done in 642.8s

============================================================
[12/36] Running: p_I1=0.2, p_I2=1, ph1=0.2, ph2=0.8
============================================================
Done in 734.1s

============================================================
[13/36] Running: p_I1=0.2, p_I2=1, ph1=0.5, ph2=0.2
============================================================
Done in 653.7s

============================================================
[14/36] Running: p_I1=0.2, p_I2=1, ph1=0.5, ph2=0.5
============================================================
Done in 677.6s

============================================================
[15/36] Running: p_I1=0.2, p_I2=1, ph1=0.5, ph2=0.8
============================================================
Done in 660.5s

============================================================
[16/36] Running: p_I1=0.2, p_I2=1, ph1=0.8, ph2=0.2
============================================================
Done in 509.4s

============================================================
[17/36] Running: p_I1=0.2, p_I2=1, ph1=0.8, ph2=0.5
============================================================
Done in 555.8s

============================================================
[18/36] Running: p_I1=0.2, p_I2=1, ph1=0.8, ph2=0.8
============================================================
Done in 588.2s

============================================================
[19/36] Running: p_I1=1, p_I2=0.2, ph1=0.2, ph2=0.2
============================================================
Done in 448.9s

============================================================
[20/36] Running: p_I1=1, p_I2=0.2, ph1=0.2, ph2=0.5
============================================================
Done in 499.4s

============================================================
[21/36] Running: p_I1=1, p_I2=0.2, ph1=0.2, ph2=0.8
============================================================
Done in 546.5s

============================================================
[22/36] Running: p_I1=1, p_I2=0.2, ph1=0.5, ph2=0.2
============================================================
Done in 482.2s

============================================================
[23/36] Running: p_I1=1, p_I2=0.2, ph1=0.5, ph2=0.5
============================================================
Done in 534.2s

============================================================
[24/36] Running: p_I1=1, p_I2=0.2, ph1=0.5, ph2=0.8
============================================================
Done in 576.2s

============================================================
[25/36] Running: p_I1=1, p_I2=0.2, ph1=0.8, ph2=0.2
============================================================
Done in 504.8s

============================================================
[26/36] Running: p_I1=1, p_I2=0.2, ph1=0.8, ph2=0.5
============================================================
Done in 554.9s

============================================================
[27/36] Running: p_I1=1, p_I2=0.2, ph1=0.8, ph2=0.8
============================================================
Done in 584.2s

============================================================
[28/36] Running: p_I1=1, p_I2=1, ph1=0.2, ph2=0.2
============================================================
Done in 439.7s

============================================================
[29/36] Running: p_I1=1, p_I2=1, ph1=0.2, ph2=0.5
============================================================
Done in 494.7s

============================================================
[30/36] Running: p_I1=1, p_I2=1, ph1=0.2, ph2=0.8
============================================================
Done in 538.8s

============================================================
[31/36] Running: p_I1=1, p_I2=1, ph1=0.5, ph2=0.2
============================================================
Done in 476.8s

============================================================
[32/36] Running: p_I1=1, p_I2=1, ph1=0.5, ph2=0.5
============================================================
Done in 532.2s

============================================================
[33/36] Running: p_I1=1, p_I2=1, ph1=0.5, ph2=0.8
============================================================
Done in 572.4s

============================================================
[34/36] Running: p_I1=1, p_I2=1, ph1=0.8, ph2=0.2
============================================================
Done in 500.4s

============================================================
[35/36] Running: p_I1=1, p_I2=1, ph1=0.8, ph2=0.5
============================================================
Done in 547.8s

============================================================
[36/36] Running: p_I1=1, p_I2=1, ph1=0.8, ph2=0.8
============================================================
Done in 578.7s

============================================================
TIMING REPORT  (300 iterations per combination)
============================================================
 p_I1  p_I2  ph1  ph2    seconds
  0.2   0.2  0.2  0.2 507.884924
  0.2   0.2  0.2  0.5 579.510148
  0.2   0.2  0.2  0.8 606.245365
  0.2   0.2  0.5  0.2 515.934764
  0.2   0.2  0.5  0.5 650.445327
  0.2   0.2  0.5  0.8 699.983988
  0.2   0.2  0.8  0.2 689.078677
  0.2   0.2  0.8  0.5 750.889469
  0.2   0.2  0.8  0.8 755.486732
  0.2   1.0  0.2  0.2 565.219296
  0.2   1.0  0.2  0.5 642.772508
  0.2   1.0  0.2  0.8 734.097301
  0.2   1.0  0.5  0.2 653.700031
  0.2   1.0  0.5  0.5 677.647580
  0.2   1.0  0.5  0.8 660.467550
  0.2   1.0  0.8  0.2 509.409508
  0.2   1.0  0.8  0.5 555.813879
  0.2   1.0  0.8  0.8 588.196541
  1.0   0.2  0.2  0.2 448.892749
  1.0   0.2  0.2  0.5 499.412204
  1.0   0.2  0.2  0.8 546.541441
  1.0   0.2  0.5  0.2 482.242927
  1.0   0.2  0.5  0.5 534.201317
  1.0   0.2  0.5  0.8 576.245520
  1.0   0.2  0.8  0.2 504.812459
  1.0   0.2  0.8  0.5 554.939087
  1.0   0.2  0.8  0.8 584.230248
  1.0   1.0  0.2  0.2 439.695841
  1.0   1.0  0.2  0.5 494.711450
  1.0   1.0  0.2  0.8 538.788828
  1.0   1.0  0.5  0.2 476.810417
  1.0   1.0  0.5  0.5 532.244354
  1.0   1.0  0.5  0.8 572.358036
  1.0   1.0  0.8  0.2 500.376528
  1.0   1.0  0.8  0.5 547.799521
  1.0   1.0  0.8  0.8 578.716815

Average simulation time per combination: 576.6s (min 439.7s, max 755.5s)
Total elapsed over 36 combinations: 20756.0s
Saved results to /Users/fuyuguo/PhD_thesis/Thesis_1_SNTTEM/Codes/three_time_continuous/psi1_python_sigma10/psi1_python_sigma10_n12000/simulation_results.pkl
Saved timings to /Users/fuyuguo/PhD_thesis/Thesis_1_SNTTEM/Codes/three_time_continuous/psi1_python_sigma10/psi1_python_sigma10_n12000/simulation_results_timings.csv
