
R version 4.3.1 (2023-06-16) -- "Beagle Scouts"
Copyright (C) 2023 The R Foundation for Statistical Computing
Platform: aarch64-apple-darwin20 (64-bit)

R is free software and comes with ABSOLUTELY NO WARRANTY.
You are welcome to redistribute it under certain conditions.
Type 'license()' or 'licence()' for distribution details.

  Natural language support but running in an English locale

R is a collaborative project with many contributors.
Type 'contributors()' for more information and
'citation()' on how to cite R or R packages in publications.

Type 'demo()' for some demos, 'help()' for on-line help, or
'help.start()' for an HTML browser interface to help.
Type 'q()' to quit R.

[Previously saved workspace restored]

> ## this code is to evaluate the double robustness of the SNTTEM g-estimation
> # Under the Homoschesasticity assumption
> # load packages
> library(tidyverse)
── Attaching core tidyverse packages ──────────────────────── tidyverse 2.0.0 ──
✔ dplyr     1.1.4     ✔ readr     2.1.5
✔ forcats   1.0.0     ✔ stringr   1.5.1
✔ ggplot2   3.4.4     ✔ tibble    3.2.1
✔ lubridate 1.9.3     ✔ tidyr     1.3.1
✔ purrr     1.0.2     
── Conflicts ────────────────────────────────────────── tidyverse_conflicts() ──
✖ dplyr::filter() masks stats::filter()
✖ dplyr::lag()    masks stats::lag()
ℹ Use the conflicted package (<http://conflicted.r-lib.org/>) to force all conflicts to become errors
> library(rootSolve)
Warning message:
package ‘rootSolve’ was built under R version 4.3.3 
> library(furrr)
Loading required package: future
> library(tictoc)
> library(geex)

Attaching package: ‘geex’

The following object is masked from ‘package:lubridate’:

    show

The following object is masked from ‘package:methods’:

    show

> library(MASS)

Attaching package: ‘MASS’

The following object is masked from ‘package:dplyr’:

    select

> library(matrixcalc)
Warning message:
package ‘matrixcalc’ was built under R version 4.3.3 
> library(gmm)
Loading required package: sandwich
Warning message:
package ‘gmm’ was built under R version 4.3.3 
> source("~/PhD_thesis/Thesis_1_SNTTEM/Codes/Double_robustness/Generate_data.R")
> source("~/PhD_thesis/Thesis_1_SNTTEM/Codes/Double_robustness/working_models.R")
> sample <- 100000
> iter <- 1000
> psi <- c(0.02, 0)
> seed <- 10086
> 
> # set the working models
> working_ps1 <- TRUE
> working_ps0 <- TRUE
> working_mu1 <- TRUE
> working_mu0 <- TRUE
> 
> 
> 
> # the conventional estimator
> 
> plan("multisession")
> set.seed(seed)
> tic()
> est_old <- furrr::future_map_dfr(.x = 1:iter, .f = function(i, n= sample) {
+   df <- generate_data(n, psi0 = psi[1], psi1 = psi[2], theta = 0, var = "homo")
+   df <- working_model(df, ps1 = working_ps1, ps0 = working_ps0, mu1 = working_mu1, mu0 = working_mu0) # apply the working models
+ 
+   x <- as.matrix(df)
+   g <- function(theta, x){
+     cbind(x[,"L0"]*(x[,"A0"]-x[,"ps0"])*(((1-x[,"A1"])/(1-x[,"ps1"]))*(x[,"Y"]-x[,"mu1"])+x[,"mu1"]-x[,"mu0"]-gamma0(x[,"L0"], theta[1])*x[,"A0"]),
+           x[,"I1"]*x[,"L1"]*(x[,"A1"]-x[,"ps1"])*(x[,"Y"]-gamma1(x[,"L1"], theta[2])*x[,"A1"] - x[,"mu1"])) %>%
+       return()
+   }
+   mod <- gmm(g, x = x, t0 = c(1,1), type = "iterative")
+   est_psi <- mod$coefficients
+   Y00 <- df$Y - gamma1(df$L1, est_psi[2]) * df$A1 - gamma0(df$L0, est_psi[1]) * df$A0
+ 
+ 
+   reject <- summary(mod)$coefficients[1,4] <0.05
+   est <- data.frame(id = i, est_psi0 = est_psi[1], est_psi1 = est_psi[2],
+                     Y00 = mean(Y00, na.rm = TRUE),
+                     reject = reject)
+   return(est)
+ },
+ .options = furrr_options(seed = TRUE))
> toc()
213.738 sec elapsed
> 
> 
> 
> ##############################
> # The SNTTEM estimator
> ee_SNTTEM <- function(data) {
+   function(theta){
+     with(data,
+          c(L0*(A0-ps0)*(((1-A1)/(1-ps1))^(1-I1)*(Y-gamma1(L1, theta[2])*A1-mu1)+mu1-mu0-gamma0(L0, theta[1])*A0),
+            I1*L1*(A1-ps1)*(Y-gamma1(L1, theta[2])*A1 - mu1)))
+   }
+ }
> 
> plan("multisession")
> tic()
> set.seed(seed)
> 
> est_SNTTEM <- furrr::future_map_dfr(.x = 1:iter, .f = function(i, n= sample) {
+   df <- generate_data(n, psi0 = psi[1], psi1 = psi[2], theta = 0, var = "homo")
+   df <- working_model(df, ps1 = working_ps1, ps0 = working_ps0, mu1 = working_mu1, mu0 = working_mu0) # apply the working models
+ 
+   x <- as.matrix(df)
+   g <- function(theta, x){
+     cbind(x[,"I1"]*x[,"L1"]*(x[,"A1"]-x[,"ps1"])*(x[,"Y"]-gamma1(x[,"L1"], theta[2])*x[,"A1"] - x[,"mu1"]),
+           x[,"L0"]*(x[,"A0"]-x[,"ps0"])*(((1-x[,"A1"])/(1-x[,"ps1"]))^(1-x[,"I1"])*(x[,"Y"]-gamma1(x[,"L1"], theta[2])*x[,"A1"]-x[,"mu1"])+x[,"mu1"]-x[,"mu0"]-gamma0(x[,"L0"], theta[1])*x[,"A0"])) %>%
+       return()
+   }
+   mod <- gmm(g, x = x, t0 = c(1,1), type = "iterative")
+   est_psi <- mod$coefficients
+   Y00 <- df$Y - gamma1(df$L1, est_psi[2]) * df$A1 - gamma0(df$L0, est_psi[1]) * df$A0
+ 
+ 
+   reject <- summary(mod)$coefficients[1,4] <0.05
+ 
+   est <- data.frame(id = i, est_psi0 = est_psi[1], est_psi1 = est_psi[2],
+                     Y00 = mean(Y00, na.rm = TRUE),
+                     reject = reject)
+   return(est)
+ },
+ .options = furrr_options(seed = TRUE))
> toc()
214.397 sec elapsed
> ####################
> # the combined estimator
> plan("multisession")
> tic()
> set.seed(seed)
> 
> est_combined <- furrr::future_map_dfr(.x = 1:iter,
+                                       .f = function(i, n= sample) {
+                                         df <- generate_data(n, psi0 = psi[1], psi1 = psi[2], theta = 0, var = "homo")
+                                         df <- working_model(df, ps1 = working_ps1, ps0 = working_ps0, mu1 = working_mu1, mu0 = working_mu0) # apply the working models
+                                         x <- as.matrix(df)
+                                         g <- function(theta, x){
+                                           cbind(x[,"L0"]*(x[,"A0"]-x[,"ps0"])*(((1-x[,"A1"])/(1-x[,"ps1"]))*(x[,"Y"]-x[,"mu1"])+x[,"mu1"]-x[,"mu0"]-gamma0(x[,"L0"], theta[1])*x[,"A0"]),
+                                                 x[,"I1"]*x[,"L1"]*(x[,"A1"]-x[,"ps1"])*(x[,"Y"]-gamma1(x[,"L1"], theta[2])*x[,"A1"] - x[,"mu1"]),
+                                                 x[,"L0"]*(x[,"A0"]-x[,"ps0"])*(((1-x[,"A1"])/(1-x[,"ps1"]))^(1-x[,"I1"])*(x[,"Y"]-gamma1(x[,"L1"], theta[2])*x[,"A1"]-x[,"mu1"])+x[,"mu1"]-x[,"mu0"]-gamma0(x[,"L0"], theta[1])*x[,"A0"])) %>%
+                                             return()
+                                         }
+                                         mod <- gmm(g, x = x, t0 = c(1,1), type = "iterative")
+                                         est_psi <- mod$coefficients
+                                         Y00 <- df$Y - gamma1(df$L1, est_psi[2]) * df$A1 - gamma0(df$L0, est_psi[1]) * df$A0
+ 
+ 
+                                         reject <- summary(mod)$coefficients[1,4] <0.05
+ 
+                                         est <- data.frame(id = i, est_psi0 = est_psi[1], est_psi1 = est_psi[2],
+                                                           Y00 = mean(Y00, na.rm = TRUE),
+                                                           reject = reject)
+ 
+                                         return(est)
+                                       },
+                                       .options = furrr_options(seed = TRUE))
> toc()
819.589 sec elapsed
> 
> 
> 
> # the outputs
> est_old %>%
+   summarise(psi1_mean = mean(est_psi1, na.rm = TRUE),
+             psi1_sd = sd(est_psi1, na.rm = TRUE)*sqrt(sample),
+             psi0_mean = mean(est_psi0, na.rm = TRUE),
+             psi0_sd = sd(est_psi0, na.rm = TRUE)*sqrt(sample),
+             Y00_mean = mean(Y00, na.rm = TRUE),
+             Y00_sd = sd(Y00, na.rm = TRUE)*sqrt(sample),
+             reject_rate = mean(reject, na.rm = TRUE))
    psi1_mean  psi1_sd  psi0_mean  psi0_sd Y00_mean  Y00_sd reject_rate
1 0.001274729 11.45623 0.02041995 6.519457 2.016424 29.8413       0.159
> 
> est_SNTTEM %>%
+   summarise(psi1_mean = mean(est_psi1, na.rm = TRUE),
+             psi1_sd = sd(est_psi1, na.rm = TRUE)*sqrt(sample),
+             psi0_mean = mean(est_psi0, na.rm = TRUE),
+             psi0_sd = sd(est_psi0, na.rm = TRUE)*sqrt(sample),
+             Y00_mean = mean(Y00, na.rm = TRUE),
+             Y00_sd = sd(Y00, na.rm = TRUE)*sqrt(sample),
+             reject_rate = mean(reject, na.rm = TRUE))
     psi1_mean  psi1_sd  psi0_mean  psi0_sd Y00_mean   Y00_sd reject_rate
1 0.0002011757 4.295289 0.02075103 4.676411 2.018245 15.85027       0.309
> 
> 
> 
> est_combined %>%
+   summarise(psi1_mean = mean(est_psi1, na.rm = TRUE),
+             psi1_sd = sd(est_psi1, na.rm = TRUE)*sqrt(sample),
+             psi0_mean = mean(est_psi0, na.rm = TRUE),
+             psi0_sd = sd(est_psi0, na.rm = TRUE)*sqrt(sample),
+             Y00_mean = mean(Y00, na.rm = TRUE),
+             Y00_sd = sd(Y00, na.rm = TRUE)*sqrt(sample),
+             reject_rate = mean(reject, na.rm = TRUE))
     psi1_mean  psi1_sd  psi0_mean  psi0_sd Y00_mean   Y00_sd reject_rate
1 0.0001930363 4.287312 0.02074421 4.677375 2.018276 15.84078       0.307
> 
> 
> 
> 
> 
> proc.time()
    user   system  elapsed 
  45.310   19.585 1249.341 
