
R version 4.3.1 (2023-06-16) -- "Beagle Scouts"
Copyright (C) 2023 The R Foundation for Statistical Computing
Platform: aarch64-apple-darwin20 (64-bit)

R is free software and comes with ABSOLUTELY NO WARRANTY.
You are welcome to redistribute it under certain conditions.
Type 'license()' or 'licence()' for distribution details.

  Natural language support but running in an English locale

R is a collaborative project with many contributors.
Type 'contributors()' for more information and
'citation()' on how to cite R or R packages in publications.

Type 'demo()' for some demos, 'help()' for on-line help, or
'help.start()' for an HTML browser interface to help.
Type 'q()' to quit R.

> library(tidyverse)
── Attaching core tidyverse packages ──────────────────────── tidyverse 2.0.0 ──
✔ dplyr     1.1.4     ✔ readr     2.1.5
✔ forcats   1.0.0     ✔ stringr   1.5.1
✔ ggplot2   3.5.2     ✔ tibble    3.3.0
✔ lubridate 1.9.3     ✔ tidyr     1.3.1
✔ purrr     1.0.4     
── Conflicts ────────────────────────────────────────── tidyverse_conflicts() ──
✖ dplyr::filter() masks stats::filter()
✖ dplyr::lag()    masks stats::lag()
ℹ Use the conflicted package (<http://conflicted.r-lib.org/>) to force all conflicts to become errors
Warning messages:
1: package ‘ggplot2’ was built under R version 4.3.3 
2: package ‘tibble’ was built under R version 4.3.3 
3: package ‘purrr’ was built under R version 4.3.3 
> setwd("~/PhD_thesis/Thesis_1_SNTTEM/Codes/two_time")
> 
> temp <- expand.grid("Delta_", c(0,4,8), "_Elig_", c("01", "05", "09"))
> folder_paths <- stringr::str_c("~/PhD_thesis/Thesis_1_SNTTEM/Codes/two_time/","Delta_", temp$Var2, "_Elig_", temp$Var4)
> 
> for (i in 1:length(folder_paths)) {
+   setwd(folder_paths[i])
+   files <- list.files( pattern = "PS1_control+")
+   for (i in 1:8) {
+     source(files[i])
+     if(i == 1) {
+       result <- temp
+     } else{
+       result <- rbind(result, temp)
+     }
+   }
+   saveRDS(result, file = "simulation_results.rds")
+ }
Loading required package: future
Registered S3 method overwritten by 'future':
  method               from      
  all.equal.connection parallelly

Attaching package: ‘geex’

The following object is masked from ‘package:lubridate’:

    show

The following object is masked from ‘package:methods’:

    show


Attaching package: ‘MASS’

The following object is masked from ‘package:dplyr’:

    select

Loading required package: sandwich
42.755 sec elapsed
47.426 sec elapsed
21.985 sec elapsed
99.412 sec elapsed
49.815 sec elapsed
52.775 sec elapsed
23.056 sec elapsed
109.162 sec elapsed
51.849 sec elapsed
56.207 sec elapsed
24.889 sec elapsed
107.56 sec elapsed
49.974 sec elapsed
54.805 sec elapsed
38.716 sec elapsed
105.974 sec elapsed
50.389 sec elapsed
54.183 sec elapsed
22.728 sec elapsed
107.587 sec elapsed
50.351 sec elapsed
53.979 sec elapsed
22.877 sec elapsed
105.924 sec elapsed
49.517 sec elapsed
52.283 sec elapsed
23.002 sec elapsed
104.221 sec elapsed
50.292 sec elapsed
52.412 sec elapsed
22.742 sec elapsed
102.547 sec elapsed
48.244 sec elapsed
52.171 sec elapsed
22.537 sec elapsed
102.946 sec elapsed
48.271 sec elapsed
51.191 sec elapsed
22.016 sec elapsed
98.857 sec elapsed
46.086 sec elapsed
49.869 sec elapsed
22.332 sec elapsed
97.111 sec elapsed
45.825 sec elapsed
49.443 sec elapsed
38.057 sec elapsed
95.775 sec elapsed
45.808 sec elapsed
49.359 sec elapsed
21.444 sec elapsed
97.713 sec elapsed
45.831 sec elapsed
50.097 sec elapsed
22.702 sec elapsed
96.424 sec elapsed
45.351 sec elapsed
49.175 sec elapsed
21.394 sec elapsed
96.175 sec elapsed
45.421 sec elapsed
49.184 sec elapsed
22.899 sec elapsed
95.639 sec elapsed
45.402 sec elapsed
49.503 sec elapsed
21.591 sec elapsed
96.213 sec elapsed
45.282 sec elapsed
49.31 sec elapsed
22.126 sec elapsed
96.575 sec elapsed
45.455 sec elapsed
49.068 sec elapsed
21.907 sec elapsed
96.35 sec elapsed
45.671 sec elapsed
49.509 sec elapsed
38.24 sec elapsed
97.094 sec elapsed
45.661 sec elapsed
49.408 sec elapsed
22.483 sec elapsed
97.071 sec elapsed
45.765 sec elapsed
49.803 sec elapsed
20.696 sec elapsed
98.092 sec elapsed
45.84 sec elapsed
49.898 sec elapsed
20.848 sec elapsed
98.141 sec elapsed
46.048 sec elapsed
49.821 sec elapsed
23.232 sec elapsed
97.788 sec elapsed
47.038 sec elapsed
50.548 sec elapsed
22.108 sec elapsed
98.499 sec elapsed
46.203 sec elapsed
50.035 sec elapsed
22.256 sec elapsed
100.118 sec elapsed
46.502 sec elapsed
50.273 sec elapsed
21.878 sec elapsed
98.904 sec elapsed
46.325 sec elapsed
50.089 sec elapsed
26.243 sec elapsed
98.667 sec elapsed
46.66 sec elapsed
49.961 sec elapsed
21.453 sec elapsed
98.231 sec elapsed
46.548 sec elapsed
50.162 sec elapsed
21.885 sec elapsed
98.662 sec elapsed
46.551 sec elapsed
50.24 sec elapsed
21.301 sec elapsed
100.436 sec elapsed
46.548 sec elapsed
50.457 sec elapsed
22.227 sec elapsed
99.214 sec elapsed
46.724 sec elapsed
50.894 sec elapsed
22.778 sec elapsed
99.793 sec elapsed
46.565 sec elapsed
50.719 sec elapsed
21.593 sec elapsed
99.294 sec elapsed
46.555 sec elapsed
50.638 sec elapsed
21.959 sec elapsed
99.297 sec elapsed
46.795 sec elapsed
50.54 sec elapsed
26.517 sec elapsed
99.077 sec elapsed
46.834 sec elapsed
50.649 sec elapsed
20.869 sec elapsed
98.962 sec elapsed
46.827 sec elapsed
50.54 sec elapsed
21.556 sec elapsed
100.203 sec elapsed
46.875 sec elapsed
50.573 sec elapsed
22.78 sec elapsed
99.992 sec elapsed
47.012 sec elapsed
50.529 sec elapsed
21.676 sec elapsed
99.434 sec elapsed
46.916 sec elapsed
50.702 sec elapsed
21.328 sec elapsed
99.754 sec elapsed
46.801 sec elapsed
50.97 sec elapsed
21.871 sec elapsed
99.492 sec elapsed
46.938 sec elapsed
51.072 sec elapsed
21.984 sec elapsed
100.413 sec elapsed
47.138 sec elapsed
51.22 sec elapsed
25.672 sec elapsed
100.005 sec elapsed
47.163 sec elapsed
51.338 sec elapsed
21.065 sec elapsed
99.426 sec elapsed
46.386 sec elapsed
49.557 sec elapsed
20.936 sec elapsed
97.905 sec elapsed
45.13 sec elapsed
48.82 sec elapsed
21.437 sec elapsed
95.793 sec elapsed
44.916 sec elapsed
48.69 sec elapsed
21.609 sec elapsed
95.674 sec elapsed
45.045 sec elapsed
48.913 sec elapsed
20.53 sec elapsed
96.378 sec elapsed
45.061 sec elapsed
48.882 sec elapsed
20.894 sec elapsed
96.117 sec elapsed
45.029 sec elapsed
48.899 sec elapsed
20.885 sec elapsed
96.534 sec elapsed
45.182 sec elapsed
48.857 sec elapsed
21.293 sec elapsed
96.554 sec elapsed
45.341 sec elapsed
49.113 sec elapsed
22.219 sec elapsed
95.984 sec elapsed
45.504 sec elapsed
49.199 sec elapsed
21.049 sec elapsed
97.422 sec elapsed
45.613 sec elapsed
49.529 sec elapsed
21.259 sec elapsed
96.942 sec elapsed
45.664 sec elapsed
49.415 sec elapsed
21.445 sec elapsed
98.151 sec elapsed
45.964 sec elapsed
49.602 sec elapsed
21.279 sec elapsed
98.391 sec elapsed
46.65 sec elapsed
52.761 sec elapsed
23.409 sec elapsed
97.726 sec elapsed
46.531 sec elapsed
50.552 sec elapsed
21.68 sec elapsed
98.324 sec elapsed
45.863 sec elapsed
49.796 sec elapsed
22.513 sec elapsed
96.956 sec elapsed
45.804 sec elapsed
49.286 sec elapsed
21.224 sec elapsed
96.817 sec elapsed
45.624 sec elapsed
49.355 sec elapsed
21.781 sec elapsed
96.717 sec elapsed
45.512 sec elapsed
49.162 sec elapsed
21.94 sec elapsed
96.947 sec elapsed
45.34 sec elapsed
49.347 sec elapsed
22.213 sec elapsed
96.501 sec elapsed
45.717 sec elapsed
49.256 sec elapsed
21.152 sec elapsed
97.546 sec elapsed
45.949 sec elapsed
49.523 sec elapsed
22.825 sec elapsed
97.802 sec elapsed
45.547 sec elapsed
49.393 sec elapsed
21.402 sec elapsed
97.484 sec elapsed
45.954 sec elapsed
49.684 sec elapsed
22.157 sec elapsed
97.301 sec elapsed
46.569 sec elapsed
49.55 sec elapsed
20.811 sec elapsed
98.269 sec elapsed
45.558 sec elapsed
49.692 sec elapsed
20.789 sec elapsed
98.069 sec elapsed
46.058 sec elapsed
49.371 sec elapsed
21.343 sec elapsed
96.85 sec elapsed
45.837 sec elapsed
49.576 sec elapsed
22.682 sec elapsed
97.018 sec elapsed
Warning messages:
1: package ‘rootSolve’ was built under R version 4.3.3 
2: package ‘future’ was built under R version 4.3.3 
3: package ‘matrixcalc’ was built under R version 4.3.3 
4: package ‘gmm’ was built under R version 4.3.3 
> 
> 
> 
> Sys.time()
[1] "2025-11-19 20:17:19 EST"
> 
> 
> 
> proc.time()
     user    system   elapsed 
 1089.862   100.207 15715.427 
