
R version 4.3.1 (2023-06-16) -- "Beagle Scouts"
Copyright (C) 2023 The R Foundation for Statistical Computing
Platform: aarch64-apple-darwin20 (64-bit)

R is free software and comes with ABSOLUTELY NO WARRANTY.
You are welcome to redistribute it under certain conditions.
Type 'license()' or 'licence()' for distribution details.

  Natural language support but running in an English locale

R is a collaborative project with many contributors.
Type 'contributors()' for more information and
'citation()' on how to cite R or R packages in publications.

Type 'demo()' for some demos, 'help()' for on-line help, or
'help.start()' for an HTML browser interface to help.
Type 'q()' to quit R.

> setwd("~/PhD_thesis/Thesis_1_SNTTEM/Codes/two_time/Delta_4_Elig_05")
> files <- list.files(path = "~/PhD_thesis/Thesis_1_SNTTEM/Codes/two_time/Delta_4_Elig_05", pattern = "PS1_control+")
> for (i in 1:8) {
+   source(files[i])
+   if(i == 1) {
+     result <- temp
+   } else{
+     result <- rbind(result, temp)
+   }
+ }
── Attaching core tidyverse packages ──────────────────────── tidyverse 2.0.0 ──
✔ dplyr     1.1.4     ✔ readr     2.1.5
✔ forcats   1.0.0     ✔ stringr   1.5.1
✔ ggplot2   3.5.2     ✔ tibble    3.3.0
✔ lubridate 1.9.3     ✔ tidyr     1.3.1
✔ purrr     1.0.4     
── Conflicts ────────────────────────────────────────── tidyverse_conflicts() ──
✖ dplyr::filter() masks stats::filter()
✖ dplyr::lag()    masks stats::lag()
ℹ Use the conflicted package (<http://conflicted.r-lib.org/>) to force all conflicts to become errors
Loading required package: future
Registered S3 method overwritten by 'future':
  method               from      
  all.equal.connection parallelly

Attaching package: ‘geex’

The following object is masked from ‘package:lubridate’:

    show

The following object is masked from ‘package:methods’:

    show


Attaching package: ‘MASS’

The following object is masked from ‘package:dplyr’:

    select

Loading required package: sandwich
50.467 sec elapsed
46.594 sec elapsed
21.854 sec elapsed
97.348 sec elapsed
46.506 sec elapsed
52.258 sec elapsed
25.004 sec elapsed
103.527 sec elapsed
46.203 sec elapsed
53.233 sec elapsed
23.416 sec elapsed
103.583 sec elapsed
49.877 sec elapsed
54.485 sec elapsed
28.158 sec elapsed
106.667 sec elapsed
51.791 sec elapsed
55.768 sec elapsed
22.497 sec elapsed
115.53 sec elapsed
54.655 sec elapsed
59.22 sec elapsed
22.198 sec elapsed
116.503 sec elapsed
54.164 sec elapsed
62.768 sec elapsed
22.69 sec elapsed
114.629 sec elapsed
55.477 sec elapsed
125.522 sec elapsed
60.729 sec elapsed
328.008 sec elapsed
Warning messages:
1: package ‘ggplot2’ was built under R version 4.3.3 
2: package ‘tibble’ was built under R version 4.3.3 
3: package ‘purrr’ was built under R version 4.3.3 
4: package ‘rootSolve’ was built under R version 4.3.3 
5: package ‘future’ was built under R version 4.3.3 
6: package ‘matrixcalc’ was built under R version 4.3.3 
7: package ‘gmm’ was built under R version 4.3.3 
> Sys.time()
[1] "2025-11-14 17:49:14 EST"
> 
> 
> saveRDS(result, file = "simulation_results.rds")
> 
> proc.time()
    user   system  elapsed 
 141.471   13.181 2232.369 
