==================================================================
SNTTEM five-time-point simulation (psi1, blip misspecification, ORACLE nuisances)
==================================================================
started     : Thu Oct  1 16:15:26 EDT 2026
host        : HSPH-YVWHQMWMDV
directory   : /Users/fug183/PhD_thesis/Thesis_1_SNTTEM/Codes/five_time_binary/psi1_python/n72000/misspecification
interpreter : /Users/fug183/PhD_thesis/Thesis_1_SNTTEM/Codes/five_time_binary/.venv/bin/python
python      : 3.13.15 arm64
packages    : numpy 2.5.2 | pandas 3.0.5 | scipy 1.18.1 | scikit-learn 1.9.0 | joblib 1.5.3 | matplotlib 3.11.1
cores       : 12
------------------------------------------------------------------
settings (from run_simulation.py):
  PSI05 = 1.0
  PSI15 = 1.0
  PSI25 = 1.0
  PSI35 = 1.0
  PSI45 = 1.0
  N = 72000
  N_ITER = 300
  SEED = 3411
  P_I_VALUES = [0.2, 1]
  PH_VALUES = [0.3, 0.5, 0.8]
==================================================================

[Parallel(n_jobs=-1)]: Using backend LokyBackend with 12 concurrent workers.

============================================================
[1/6] Running: p_I=(0.2, 0.2, 0.2, 0.2), ph=(0.3, 0.3, 0.3, 0.3)
============================================================
[Parallel(n_jobs=-1)]: Done  48 tasks      | elapsed:    2.6s
[Parallel(n_jobs=-1)]: Done 138 tasks      | elapsed:    5.9s
[Parallel(n_jobs=-1)]: Done 264 tasks      | elapsed:   10.4s
[Parallel(n_jobs=-1)]: Done 300 out of 300 | elapsed:   11.7s finished
[Parallel(n_jobs=-1)]: Using backend LokyBackend with 12 concurrent workers.
[Parallel(n_jobs=-1)]: Done  48 tasks      | elapsed:    1.8s
[Parallel(n_jobs=-1)]: Done 138 tasks      | elapsed:    4.9s
[Parallel(n_jobs=-1)]: Done 264 tasks      | elapsed:    9.3s
[Parallel(n_jobs=-1)]: Done 300 out of 300 | elapsed:   10.4s finished
[Parallel(n_jobs=-1)]: Using backend LokyBackend with 12 concurrent workers.
[Parallel(n_jobs=-1)]: Done  48 tasks      | elapsed:    1.8s
[Parallel(n_jobs=-1)]: Done 138 tasks      | elapsed:    4.6s
[Parallel(n_jobs=-1)]: Done 264 tasks      | elapsed:    8.7s
[Parallel(n_jobs=-1)]: Done 300 out of 300 | elapsed:    9.8s finished
[Parallel(n_jobs=-1)]: Using backend LokyBackend with 12 concurrent workers.
[Parallel(n_jobs=-1)]: Done  48 tasks      | elapsed:    2.2s
[Parallel(n_jobs=-1)]: Done 138 tasks      | elapsed:    5.5s
[Parallel(n_jobs=-1)]: Done 264 tasks      | elapsed:   10.4s
[Parallel(n_jobs=-1)]: Done 300 out of 300 | elapsed:   11.7s finished
[Parallel(n_jobs=-1)]: Using backend LokyBackend with 12 concurrent workers.
[Parallel(n_jobs=-1)]: Done  48 tasks      | elapsed:    1.9s
[Parallel(n_jobs=-1)]: Done 138 tasks      | elapsed:    5.2s
[Parallel(n_jobs=-1)]: Done 264 tasks      | elapsed:    9.7s
[Parallel(n_jobs=-1)]: Done 300 out of 300 | elapsed:   10.9s finished
[Parallel(n_jobs=-1)]: Using backend LokyBackend with 12 concurrent workers.
[Parallel(n_jobs=-1)]: Done  48 tasks      | elapsed:    1.7s
[Parallel(n_jobs=-1)]: Done 138 tasks      | elapsed:    4.5s
[Parallel(n_jobs=-1)]: Done 264 tasks      | elapsed:    8.6s
[Parallel(n_jobs=-1)]: Done 300 out of 300 | elapsed:    9.6s finished
Done in 11.8s

============================================================
[2/6] Running: p_I=(0.2, 0.2, 0.2, 0.2), ph=(0.5, 0.5, 0.5, 0.5)
============================================================
Done in 10.5s

============================================================
[3/6] Running: p_I=(0.2, 0.2, 0.2, 0.2), ph=(0.8, 0.8, 0.8, 0.8)
============================================================
Done in 9.8s

============================================================
[4/6] Running: p_I=(1, 1, 1, 1), ph=(0.3, 0.3, 0.3, 0.3)
============================================================
Done in 11.7s

============================================================
[5/6] Running: p_I=(1, 1, 1, 1), ph=(0.5, 0.5, 0.5, 0.5)
============================================================
Done in 10.9s

============================================================
[6/6] Running: p_I=(1, 1, 1, 1), ph=(0.8, 0.8, 0.8, 0.8)
============================================================
Done in 9.7s

============================================================
TIMING REPORT  (300 iterations per combination)
============================================================
 p_I1  p_I2  p_I3  p_I4  ph1  ph2  ph3  ph4   seconds
  0.2   0.2   0.2   0.2  0.3  0.3  0.3  0.3 11.781502
  0.2   0.2   0.2   0.2  0.5  0.5  0.5  0.5 10.506561
  0.2   0.2   0.2   0.2  0.8  0.8  0.8  0.8  9.767674
  1.0   1.0   1.0   1.0  0.3  0.3  0.3  0.3 11.719587
  1.0   1.0   1.0   1.0  0.5  0.5  0.5  0.5 10.897603
  1.0   1.0   1.0   1.0  0.8  0.8  0.8  0.8  9.650823

Average simulation time per combination: 10.7s (min 9.7s, max 11.8s)
Total elapsed over 6 combinations: 64.4s
Saved results to /Users/fug183/PhD_thesis/Thesis_1_SNTTEM/Codes/five_time_binary/psi1_python/n72000/misspecification/simulation_results.pkl
Saved timings to /Users/fug183/PhD_thesis/Thesis_1_SNTTEM/Codes/five_time_binary/psi1_python/n72000/misspecification/simulation_results_timings.csv

==================================================================
finished    : Thu Oct  1 16:16:32 EDT 2026
elapsed     : 0h 1m 5s
exit status : 0
outputs     : simulation_results.pkl / .csv, simulation_results_timings.csv
==================================================================
