==================================================================
SNTTEM five-time-point simulation (psi1, blip misspecification, ORACLE nuisances)
==================================================================
started     : Thu Oct  1 16:28:41 EDT 2026
host        : HSPH-YVWHQMWMDV
directory   : /Users/fug183/PhD_thesis/Thesis_1_SNTTEM/Codes/five_time_binary/psi1_python/n72000/misspecification
interpreter : /Users/fug183/PhD_thesis/Thesis_1_SNTTEM/Codes/five_time_binary/.venv/bin/python
python      : 3.13.15 arm64
packages    : numpy 2.5.2 | pandas 3.0.5 | scipy 1.18.1 | scikit-learn 1.9.0 | joblib 1.5.3 | matplotlib 3.11.1
cores       : 12
------------------------------------------------------------------
settings (from run_simulation.py):
  PSI05 = 1.0
  PSI15 = 1.0
  PSI25 = 1.0
  PSI35 = 1.0
  PSI45 = 1.0
  N = 72000
  N_ITER = 300
  SEED = 3411
  P_I_VALUES = [0.2, 1]
  PH_VALUES = [0.3, 0.5, 0.8]
==================================================================

[Parallel(n_jobs=-1)]: Using backend LokyBackend with 12 concurrent workers.

============================================================
[1/6] Running: p_I=(0.2, 0.2, 0.2, 0.2), ph=(0.3, 0.3, 0.3, 0.3)
============================================================
/Users/fug183/PhD_thesis/Thesis_1_SNTTEM/Codes/five_time_binary/psi1_python/n72000/misspecification/estimators.py:104: RuntimeWarning: overflow encountered in exp
  w4 * w3 * w2 * (Y * np.exp(-gamma15(L1, psi15) * (A1 - A0))
/Users/fug183/PhD_thesis/Thesis_1_SNTTEM/Codes/five_time_binary/psi1_python/n72000/misspecification/estimators.py:104: RuntimeWarning: invalid value encountered in multiply
  w4 * w3 * w2 * (Y * np.exp(-gamma15(L1, psi15) * (A1 - A0))
/Users/fug183/PhD_thesis/Thesis_1_SNTTEM/Codes/five_time_binary/psi1_python/n72000/misspecification/estimators.py:103: RuntimeWarning: invalid value encountered in multiply
  I1 * (A1 - ps1) * (
[Parallel(n_jobs=-1)]: Done  48 tasks      | elapsed:    2.3s
/Users/fug183/PhD_thesis/Thesis_1_SNTTEM/Codes/five_time_binary/psi1_python/n72000/misspecification/estimators.py:104: RuntimeWarning: overflow encountered in exp
  w4 * w3 * w2 * (Y * np.exp(-gamma15(L1, psi15) * (A1 - A0))
/Users/fug183/PhD_thesis/Thesis_1_SNTTEM/Codes/five_time_binary/psi1_python/n72000/misspecification/estimators.py:104: RuntimeWarning: invalid value encountered in multiply
  w4 * w3 * w2 * (Y * np.exp(-gamma15(L1, psi15) * (A1 - A0))
/Users/fug183/PhD_thesis/Thesis_1_SNTTEM/Codes/five_time_binary/psi1_python/n72000/misspecification/estimators.py:103: RuntimeWarning: invalid value encountered in multiply
  I1 * (A1 - ps1) * (
/Users/fug183/PhD_thesis/Thesis_1_SNTTEM/Codes/five_time_binary/psi1_python/n72000/misspecification/estimators.py:104: RuntimeWarning: overflow encountered in multiply
  w4 * w3 * w2 * (Y * np.exp(-gamma15(L1, psi15) * (A1 - A0))
[Parallel(n_jobs=-1)]: Done 138 tasks      | elapsed:    4.7s
[Parallel(n_jobs=-1)]: Done 264 tasks      | elapsed:    8.2s
[Parallel(n_jobs=-1)]: Done 300 out of 300 | elapsed:    9.1s finished
[Parallel(n_jobs=-1)]: Using backend LokyBackend with 12 concurrent workers.
[Parallel(n_jobs=-1)]: Done  48 tasks      | elapsed:    1.3s
[Parallel(n_jobs=-1)]: Done 138 tasks      | elapsed:    3.5s
[Parallel(n_jobs=-1)]: Done 264 tasks      | elapsed:    6.4s
[Parallel(n_jobs=-1)]: Done 300 out of 300 | elapsed:    7.3s finished
[Parallel(n_jobs=-1)]: Using backend LokyBackend with 12 concurrent workers.
[Parallel(n_jobs=-1)]: Done  72 tasks      | elapsed:    1.7s
[Parallel(n_jobs=-1)]: Done 252 tasks      | elapsed:    5.9s
[Parallel(n_jobs=-1)]: Done 277 out of 300 | elapsed:    6.5s remaining:    0.5s
[Parallel(n_jobs=-1)]: Done 300 out of 300 | elapsed:    6.7s finished
[Parallel(n_jobs=-1)]: Using backend LokyBackend with 12 concurrent workers.
[Parallel(n_jobs=-1)]: Done  48 tasks      | elapsed:    1.4s
[Parallel(n_jobs=-1)]: Done 138 tasks      | elapsed:    3.7s
[Parallel(n_jobs=-1)]: Done 264 tasks      | elapsed:    7.0s
[Parallel(n_jobs=-1)]: Done 300 out of 300 | elapsed:    7.8s finished
[Parallel(n_jobs=-1)]: Using backend LokyBackend with 12 concurrent workers.
[Parallel(n_jobs=-1)]: Done  48 tasks      | elapsed:    1.3s
[Parallel(n_jobs=-1)]: Done 138 tasks      | elapsed:    3.5s
[Parallel(n_jobs=-1)]: Done 264 tasks      | elapsed:    6.6s
[Parallel(n_jobs=-1)]: Done 300 out of 300 | elapsed:    7.4s finished
[Parallel(n_jobs=-1)]: Using backend LokyBackend with 12 concurrent workers.
[Parallel(n_jobs=-1)]: Done  72 tasks      | elapsed:    1.7s
[Parallel(n_jobs=-1)]: Done 252 tasks      | elapsed:    5.6s
[Parallel(n_jobs=-1)]: Done 300 out of 300 | elapsed:    6.5s finished
Done in 9.2s

============================================================
[2/6] Running: p_I=(0.2, 0.2, 0.2, 0.2), ph=(0.5, 0.5, 0.5, 0.5)
============================================================
Done in 7.3s

============================================================
[3/6] Running: p_I=(0.2, 0.2, 0.2, 0.2), ph=(0.8, 0.8, 0.8, 0.8)
============================================================
Done in 6.8s

============================================================
[4/6] Running: p_I=(1, 1, 1, 1), ph=(0.3, 0.3, 0.3, 0.3)
============================================================
Done in 7.9s

============================================================
[5/6] Running: p_I=(1, 1, 1, 1), ph=(0.5, 0.5, 0.5, 0.5)
============================================================
Done in 7.4s

============================================================
[6/6] Running: p_I=(1, 1, 1, 1), ph=(0.8, 0.8, 0.8, 0.8)
============================================================
Done in 6.5s

============================================================
TIMING REPORT  (300 iterations per combination)
============================================================
 p_I1  p_I2  p_I3  p_I4  ph1  ph2  ph3  ph4  seconds
  0.2   0.2   0.2   0.2  0.3  0.3  0.3  0.3 9.170916
  0.2   0.2   0.2   0.2  0.5  0.5  0.5  0.5 7.285059
  0.2   0.2   0.2   0.2  0.8  0.8  0.8  0.8 6.782269
  1.0   1.0   1.0   1.0  0.3  0.3  0.3  0.3 7.852861
  1.0   1.0   1.0   1.0  0.5  0.5  0.5  0.5 7.427491
  1.0   1.0   1.0   1.0  0.8  0.8  0.8  0.8 6.509515

Average simulation time per combination: 7.5s (min 6.5s, max 9.2s)
Total elapsed over 6 combinations: 45.1s
Saved results to /Users/fug183/PhD_thesis/Thesis_1_SNTTEM/Codes/five_time_binary/psi1_python/n72000/misspecification/simulation_results.pkl
Saved timings to /Users/fug183/PhD_thesis/Thesis_1_SNTTEM/Codes/five_time_binary/psi1_python/n72000/misspecification/simulation_results_timings.csv

==================================================================
finished    : Thu Oct  1 16:29:28 EDT 2026
elapsed     : 0h 0m 46s
exit status : 0
outputs     : simulation_results.pkl / .csv, simulation_results_timings.csv
==================================================================
