==================================================================
SNTTEM five-time-point simulation (psi0, ML nuisances)
==================================================================
started     : Wed Sep  2 19:41:39 EDT 2026
host        : HSPH-YVWHQMWMDV
directory   : /Users/fug183/PhD_thesis/Thesis_1_SNTTEM/Codes/five_time_binary/psi0_python/n72000/ML_nuisance
interpreter : /Users/fug183/PhD_thesis/Thesis_1_SNTTEM/Codes/five_time_binary/.venv/bin/python
python      : 3.13.15 arm64
packages    : numpy 2.5.2 | pandas 3.0.5 | scipy 1.18.1 | scikit-learn 1.9.0 | joblib 1.5.3 | matplotlib 3.11.1
cores       : 12
------------------------------------------------------------------
settings (from run_simulation.py):
  PSI05 = 0.0
  PSI15 = 0.0
  PSI25 = 0.0
  PSI35 = 0.0
  PSI45 = 0.0
  N = 72000
  N_ITER = 300
  SEED = 3411
  P_I_VALUES = [0.2, 1]
  PH_VALUES = [0.3, 0.5, 0.8]
==================================================================

[Parallel(n_jobs=-1)]: Using backend LokyBackend with 12 concurrent workers.

============================================================
[1/6] Running: p_I=(0.2, 0.2, 0.2, 0.2), ph=(0.3, 0.3, 0.3, 0.3)
============================================================
[Parallel(n_jobs=-1)]: Done  48 tasks      | elapsed: 22.3min
[Parallel(n_jobs=-1)]: Done 138 tasks      | elapsed: 78.8min
[Parallel(n_jobs=-1)]: Done 264 tasks      | elapsed: 149.7min
[Parallel(n_jobs=-1)]: Done 300 out of 300 | elapsed: 170.3min finished
[Parallel(n_jobs=-1)]: Using backend LokyBackend with 12 concurrent workers.
[Parallel(n_jobs=-1)]: Done  48 tasks      | elapsed: 30.7min
[Parallel(n_jobs=-1)]: Done 138 tasks      | elapsed: 91.1min
[Parallel(n_jobs=-1)]: Done 264 tasks      | elapsed: 167.2min
[Parallel(n_jobs=-1)]: Done 300 out of 300 | elapsed: 189.3min finished
[Parallel(n_jobs=-1)]: Using backend LokyBackend with 12 concurrent workers.
[Parallel(n_jobs=-1)]: Done  48 tasks      | elapsed: 30.3min
[Parallel(n_jobs=-1)]: Done 138 tasks      | elapsed: 89.7min
[Parallel(n_jobs=-1)]: Done 264 tasks      | elapsed: 164.4min
[Parallel(n_jobs=-1)]: Done 300 out of 300 | elapsed: 186.3min finished
[Parallel(n_jobs=-1)]: Using backend LokyBackend with 12 concurrent workers.
[Parallel(n_jobs=-1)]: Done  48 tasks      | elapsed: 28.1min
[Parallel(n_jobs=-1)]: Done 138 tasks      | elapsed: 83.3min
[Parallel(n_jobs=-1)]: Done 264 tasks      | elapsed: 152.7min
[Parallel(n_jobs=-1)]: Done 300 out of 300 | elapsed: 173.0min finished
[Parallel(n_jobs=-1)]: Using backend LokyBackend with 12 concurrent workers.
[Parallel(n_jobs=-1)]: Done  48 tasks      | elapsed: 30.2min
[Parallel(n_jobs=-1)]: Done 138 tasks      | elapsed: 89.8min
[Parallel(n_jobs=-1)]: Done 264 tasks      | elapsed: 163.5min
[Parallel(n_jobs=-1)]: Done 300 out of 300 | elapsed: 185.1min finished
[Parallel(n_jobs=-1)]: Using backend LokyBackend with 12 concurrent workers.
[Parallel(n_jobs=-1)]: Done  48 tasks      | elapsed: 30.7min
[Parallel(n_jobs=-1)]: Done 138 tasks      | elapsed: 92.3min
[Parallel(n_jobs=-1)]: Done 264 tasks      | elapsed: 172.9min
[Parallel(n_jobs=-1)]: Done 300 out of 300 | elapsed: 196.0min finished
Done in 10216.8s

============================================================
[2/6] Running: p_I=(0.2, 0.2, 0.2, 0.2), ph=(0.5, 0.5, 0.5, 0.5)
============================================================
Done in 11356.5s

============================================================
[3/6] Running: p_I=(0.2, 0.2, 0.2, 0.2), ph=(0.8, 0.8, 0.8, 0.8)
============================================================
Done in 11178.2s

============================================================
[4/6] Running: p_I=(1, 1, 1, 1), ph=(0.3, 0.3, 0.3, 0.3)
============================================================
Done in 10381.0s

============================================================
[5/6] Running: p_I=(1, 1, 1, 1), ph=(0.5, 0.5, 0.5, 0.5)
============================================================
Done in 11103.2s

============================================================
[6/6] Running: p_I=(1, 1, 1, 1), ph=(0.8, 0.8, 0.8, 0.8)
============================================================
Done in 11759.2s

============================================================
TIMING REPORT  (300 iterations per combination)
============================================================
 p_I1  p_I2  p_I3  p_I4  ph1  ph2  ph3  ph4      seconds
  0.2   0.2   0.2   0.2  0.3  0.3  0.3  0.3 10216.837534
  0.2   0.2   0.2   0.2  0.5  0.5  0.5  0.5 11356.473725
  0.2   0.2   0.2   0.2  0.8  0.8  0.8  0.8 11178.179285
  1.0   1.0   1.0   1.0  0.3  0.3  0.3  0.3 10380.972388
  1.0   1.0   1.0   1.0  0.5  0.5  0.5  0.5 11103.224744
  1.0   1.0   1.0   1.0  0.8  0.8  0.8  0.8 11759.186721

Average simulation time per combination: 10999.1s (min 10216.8s, max 11759.2s)
Total elapsed over 6 combinations: 65994.9s
Saved results to /Users/fug183/PhD_thesis/Thesis_1_SNTTEM/Codes/five_time_binary/psi0_python/n72000/ML_nuisance/simulation_results.pkl
Saved timings to /Users/fug183/PhD_thesis/Thesis_1_SNTTEM/Codes/five_time_binary/psi0_python/n72000/ML_nuisance/simulation_results_timings.csv

==================================================================
finished    : Thu Sep  3 14:01:36 EDT 2026
elapsed     : 18h 19m 56s
exit status : 0
outputs     : simulation_results.pkl / .csv, simulation_results_timings.csv
==================================================================
