==================================================================
SNTTEM five-time-point simulation (psi0)
==================================================================
started     : Sun Aug 30 19:53:20 EDT 2026
host        : HSPH-YVWHQMWMDV
directory   : /Users/fug183/PhD_thesis/Thesis_1_SNTTEM/Codes/five_time_binary/psi0_python/n72000
interpreter : /Users/fug183/PhD_thesis/Thesis_1_SNTTEM/Codes/five_time_binary/.venv/bin/python
python      : 3.13.15 arm64
packages    : numpy 2.5.2 | pandas 3.0.5 | scipy 1.18.1 | scikit-learn 1.9.0 | joblib 1.5.3 | matplotlib 3.11.1
cores       : 12
------------------------------------------------------------------
settings (from run_simulation.py):
  PSI05 = 0.0
  PSI15 = 0.0
  PSI25 = 0.0
  PSI35 = 0.0
  PSI45 = 0.0
  N = 72000
  N_ITER = 300
  SEED = 3411
  P_I_VALUES = [0.2, 1]
  PH_VALUES = [0.3, 0.5, 0.8]
==================================================================

[Parallel(n_jobs=-1)]: Using backend LokyBackend with 12 concurrent workers.

============================================================
[1/6] Running: p_I=(0.2, 0.2, 0.2, 0.2), ph=(0.3, 0.3, 0.3, 0.3)
============================================================
[Parallel(n_jobs=-1)]: Done  48 tasks      | elapsed: 11.4min
[Parallel(n_jobs=-1)]: Done 138 tasks      | elapsed: 43.9min
[Parallel(n_jobs=-1)]: Done 264 tasks      | elapsed: 87.3min
[Parallel(n_jobs=-1)]: Done 300 out of 300 | elapsed: 99.3min finished
[Parallel(n_jobs=-1)]: Using backend LokyBackend with 12 concurrent workers.
[Parallel(n_jobs=-1)]: Done  48 tasks      | elapsed: 22.3min
[Parallel(n_jobs=-1)]: Done 138 tasks      | elapsed: 66.0min
[Parallel(n_jobs=-1)]: Done 264 tasks      | elapsed: 122.1min
[Parallel(n_jobs=-1)]: Done 300 out of 300 | elapsed: 137.7min finished
[Parallel(n_jobs=-1)]: Using backend LokyBackend with 12 concurrent workers.
[Parallel(n_jobs=-1)]: Done  48 tasks      | elapsed: 27.1min
[Parallel(n_jobs=-1)]: Done 138 tasks      | elapsed: 80.2min
[Parallel(n_jobs=-1)]: Done 264 tasks      | elapsed: 147.6min
[Parallel(n_jobs=-1)]: Done 300 out of 300 | elapsed: 166.6min finished
[Parallel(n_jobs=-1)]: Using backend LokyBackend with 12 concurrent workers.
[Parallel(n_jobs=-1)]: Done  48 tasks      | elapsed: 17.3min
[Parallel(n_jobs=-1)]: Done 138 tasks      | elapsed: 50.4min
[Parallel(n_jobs=-1)]: Done 264 tasks      | elapsed: 92.6min
[Parallel(n_jobs=-1)]: Done 300 out of 300 | elapsed: 104.6min finished
[Parallel(n_jobs=-1)]: Using backend LokyBackend with 12 concurrent workers.
[Parallel(n_jobs=-1)]: Done  48 tasks      | elapsed: 21.8min
[Parallel(n_jobs=-1)]: Done 138 tasks      | elapsed: 64.3min
[Parallel(n_jobs=-1)]: Done 264 tasks      | elapsed: 118.6min
[Parallel(n_jobs=-1)]: Done 300 out of 300 | elapsed: 133.3min finished
[Parallel(n_jobs=-1)]: Using backend LokyBackend with 12 concurrent workers.
[Parallel(n_jobs=-1)]: Done  48 tasks      | elapsed: 25.5min
[Parallel(n_jobs=-1)]: Done 138 tasks      | elapsed: 74.4min
[Parallel(n_jobs=-1)]: Done 264 tasks      | elapsed: 136.3min
[Parallel(n_jobs=-1)]: Done 300 out of 300 | elapsed: 153.5min finished
Done in 5955.7s

============================================================
[2/6] Running: p_I=(0.2, 0.2, 0.2, 0.2), ph=(0.5, 0.5, 0.5, 0.5)
============================================================
Done in 8264.0s

============================================================
[3/6] Running: p_I=(0.2, 0.2, 0.2, 0.2), ph=(0.8, 0.8, 0.8, 0.8)
============================================================
Done in 9993.7s

============================================================
[4/6] Running: p_I=(1, 1, 1, 1), ph=(0.3, 0.3, 0.3, 0.3)
============================================================
Done in 6277.1s

============================================================
[5/6] Running: p_I=(1, 1, 1, 1), ph=(0.5, 0.5, 0.5, 0.5)
============================================================
Done in 7998.7s

============================================================
[6/6] Running: p_I=(1, 1, 1, 1), ph=(0.8, 0.8, 0.8, 0.8)
============================================================
Done in 9208.0s

============================================================
TIMING REPORT  (300 iterations per combination)
============================================================
 p_I1  p_I2  p_I3  p_I4  ph1  ph2  ph3  ph4     seconds
  0.2   0.2   0.2   0.2  0.3  0.3  0.3  0.3 5955.678901
  0.2   0.2   0.2   0.2  0.5  0.5  0.5  0.5 8264.044269
  0.2   0.2   0.2   0.2  0.8  0.8  0.8  0.8 9993.701369
  1.0   1.0   1.0   1.0  0.3  0.3  0.3  0.3 6277.139441
  1.0   1.0   1.0   1.0  0.5  0.5  0.5  0.5 7998.687232
  1.0   1.0   1.0   1.0  0.8  0.8  0.8  0.8 9207.998286

Average simulation time per combination: 7949.5s (min 5955.7s, max 9993.7s)
Total elapsed over 6 combinations: 47697.3s
Saved results to /Users/fug183/PhD_thesis/Thesis_1_SNTTEM/Codes/five_time_binary/psi0_python/n72000/simulation_results.pkl
Saved timings to /Users/fug183/PhD_thesis/Thesis_1_SNTTEM/Codes/five_time_binary/psi0_python/n72000/simulation_results_timings.csv

==================================================================
finished    : Mon Aug 31 09:08:20 EDT 2026
elapsed     : 13h 14m 59s
exit status : 0
outputs     : simulation_results.pkl / .csv, simulation_results_timings.csv
==================================================================
