==================================================================
SNTTEM five-time-point simulation (psi0)
==================================================================
started     : Thu Aug 27 18:02:48 EDT 2026
host        : HSPH-YVWHQMWMDV
directory   : /Users/fug183/PhD_thesis/Thesis_1_SNTTEM/Codes/five_time_binary/psi0_python/n24000
interpreter : /Users/fug183/PhD_thesis/Thesis_1_SNTTEM/Codes/five_time_binary/.venv/bin/python
python      : 3.13.15 arm64
packages    : numpy 2.5.2 | pandas 3.0.5 | scipy 1.18.1 | scikit-learn 1.9.0 | joblib 1.5.3 | matplotlib 3.11.1
cores       : 12
------------------------------------------------------------------
settings (from run_simulation.py):
  PSI05 = 0.0
  PSI15 = 0.0
  PSI25 = 0.0
  PSI35 = 0.0
  PSI45 = 0.0
  N = 24000
  N_ITER = 300
  SEED = 3411
  P_I_VALUES = [0.2, 1]
  PH_VALUES = [0.2, 0.5, 0.8]
==================================================================

[Parallel(n_jobs=-1)]: Using backend LokyBackend with 12 concurrent workers.

============================================================
[1/6] Running: p_I=(0.2, 0.2, 0.2, 0.2), ph=(0.2, 0.2, 0.2, 0.2)
============================================================
[Parallel(n_jobs=-1)]: Done  48 tasks      | elapsed:  2.7min
/Users/fug183/PhD_thesis/Thesis_1_SNTTEM/Codes/five_time_binary/psi0_python/n24000/estimators.py:109: RuntimeWarning: overflow encountered in exp
  b0 = mu15 * np.exp(-gamma05(L0, psi05) * A0) - mu05
/Users/fug183/PhD_thesis/Thesis_1_SNTTEM/Codes/five_time_binary/.venv/lib/python3.13/site-packages/numpy/_core/fromnumeric.py:83: RuntimeWarning: invalid value encountered in reduce
  return ufunc.reduce(obj, axis, dtype, out, **passkwargs)
[Parallel(n_jobs=-1)]: Done 138 tasks      | elapsed:  7.9min
/Users/fug183/PhD_thesis/Thesis_1_SNTTEM/Codes/five_time_binary/psi0_python/n24000/estimators.py:109: RuntimeWarning: overflow encountered in exp
  b0 = mu15 * np.exp(-gamma05(L0, psi05) * A0) - mu05
/Users/fug183/PhD_thesis/Thesis_1_SNTTEM/Codes/five_time_binary/.venv/lib/python3.13/site-packages/numpy/_core/fromnumeric.py:83: RuntimeWarning: invalid value encountered in reduce
  return ufunc.reduce(obj, axis, dtype, out, **passkwargs)
/Users/fug183/PhD_thesis/Thesis_1_SNTTEM/Codes/five_time_binary/psi0_python/n24000/estimators.py:109: RuntimeWarning: overflow encountered in exp
  b0 = mu15 * np.exp(-gamma05(L0, psi05) * A0) - mu05
/Users/fug183/PhD_thesis/Thesis_1_SNTTEM/Codes/five_time_binary/psi0_python/n24000/estimators.py:109: RuntimeWarning: overflow encountered in multiply
  b0 = mu15 * np.exp(-gamma05(L0, psi05) * A0) - mu05
/Users/fug183/PhD_thesis/Thesis_1_SNTTEM/Codes/five_time_binary/.venv/lib/python3.13/site-packages/numpy/_core/fromnumeric.py:83: RuntimeWarning: invalid value encountered in reduce
  return ufunc.reduce(obj, axis, dtype, out, **passkwargs)
/Users/fug183/PhD_thesis/Thesis_1_SNTTEM/Codes/five_time_binary/psi0_python/n24000/estimators.py:109: RuntimeWarning: overflow encountered in exp
  b0 = mu15 * np.exp(-gamma05(L0, psi05) * A0) - mu05
/Users/fug183/PhD_thesis/Thesis_1_SNTTEM/Codes/five_time_binary/.venv/lib/python3.13/site-packages/numpy/_core/fromnumeric.py:83: RuntimeWarning: invalid value encountered in reduce
  return ufunc.reduce(obj, axis, dtype, out, **passkwargs)
[Parallel(n_jobs=-1)]: Done 264 tasks      | elapsed: 14.9min
/Users/fug183/PhD_thesis/Thesis_1_SNTTEM/Codes/five_time_binary/psi0_python/n24000/estimators.py:109: RuntimeWarning: overflow encountered in exp
  b0 = mu15 * np.exp(-gamma05(L0, psi05) * A0) - mu05
/Users/fug183/PhD_thesis/Thesis_1_SNTTEM/Codes/five_time_binary/psi0_python/n24000/estimators.py:109: RuntimeWarning: overflow encountered in multiply
  b0 = mu15 * np.exp(-gamma05(L0, psi05) * A0) - mu05
/Users/fug183/PhD_thesis/Thesis_1_SNTTEM/Codes/five_time_binary/.venv/lib/python3.13/site-packages/numpy/_core/fromnumeric.py:83: RuntimeWarning: invalid value encountered in reduce
  return ufunc.reduce(obj, axis, dtype, out, **passkwargs)
[Parallel(n_jobs=-1)]: Done 300 out of 300 | elapsed: 17.9min finished
[Parallel(n_jobs=-1)]: Using backend LokyBackend with 12 concurrent workers.
[Parallel(n_jobs=-1)]: Done  48 tasks      | elapsed:  5.8min
[Parallel(n_jobs=-1)]: Done 138 tasks      | elapsed: 17.2min
[Parallel(n_jobs=-1)]: Done 264 tasks      | elapsed: 31.0min
[Parallel(n_jobs=-1)]: Done 300 out of 300 | elapsed: 35.1min finished
[Parallel(n_jobs=-1)]: Using backend LokyBackend with 12 concurrent workers.
[Parallel(n_jobs=-1)]: Done  48 tasks      | elapsed:  6.8min
[Parallel(n_jobs=-1)]: Done 138 tasks      | elapsed: 20.2min
[Parallel(n_jobs=-1)]: Done 264 tasks      | elapsed: 36.9min
[Parallel(n_jobs=-1)]: Done 300 out of 300 | elapsed: 41.8min finished
[Parallel(n_jobs=-1)]: Using backend LokyBackend with 12 concurrent workers.
/Users/fug183/PhD_thesis/Thesis_1_SNTTEM/Codes/five_time_binary/psi0_python/n24000/estimators.py:109: RuntimeWarning: overflow encountered in exp
  b0 = mu15 * np.exp(-gamma05(L0, psi05) * A0) - mu05
/Users/fug183/PhD_thesis/Thesis_1_SNTTEM/Codes/five_time_binary/.venv/lib/python3.13/site-packages/numpy/_core/fromnumeric.py:83: RuntimeWarning: invalid value encountered in reduce
  return ufunc.reduce(obj, axis, dtype, out, **passkwargs)
/Users/fug183/PhD_thesis/Thesis_1_SNTTEM/Codes/five_time_binary/psi0_python/n24000/estimators.py:109: RuntimeWarning: overflow encountered in exp
  b0 = mu15 * np.exp(-gamma05(L0, psi05) * A0) - mu05
/Users/fug183/PhD_thesis/Thesis_1_SNTTEM/Codes/five_time_binary/.venv/lib/python3.13/site-packages/numpy/_core/fromnumeric.py:83: RuntimeWarning: invalid value encountered in reduce
  return ufunc.reduce(obj, axis, dtype, out, **passkwargs)
[Parallel(n_jobs=-1)]: Done  48 tasks      | elapsed:  4.0min
/Users/fug183/PhD_thesis/Thesis_1_SNTTEM/Codes/five_time_binary/psi0_python/n24000/estimators.py:109: RuntimeWarning: overflow encountered in exp
  b0 = mu15 * np.exp(-gamma05(L0, psi05) * A0) - mu05
/Users/fug183/PhD_thesis/Thesis_1_SNTTEM/Codes/five_time_binary/psi0_python/n24000/estimators.py:109: RuntimeWarning: overflow encountered in multiply
  b0 = mu15 * np.exp(-gamma05(L0, psi05) * A0) - mu05
/Users/fug183/PhD_thesis/Thesis_1_SNTTEM/Codes/five_time_binary/.venv/lib/python3.13/site-packages/numpy/_core/fromnumeric.py:83: RuntimeWarning: invalid value encountered in reduce
  return ufunc.reduce(obj, axis, dtype, out, **passkwargs)
/Users/fug183/PhD_thesis/Thesis_1_SNTTEM/Codes/five_time_binary/psi0_python/n24000/estimators.py:109: RuntimeWarning: overflow encountered in exp
  b0 = mu15 * np.exp(-gamma05(L0, psi05) * A0) - mu05
/Users/fug183/PhD_thesis/Thesis_1_SNTTEM/Codes/five_time_binary/.venv/lib/python3.13/site-packages/numpy/_core/fromnumeric.py:83: RuntimeWarning: invalid value encountered in reduce
  return ufunc.reduce(obj, axis, dtype, out, **passkwargs)
/Users/fug183/PhD_thesis/Thesis_1_SNTTEM/Codes/five_time_binary/psi0_python/n24000/estimators.py:109: RuntimeWarning: overflow encountered in exp
  b0 = mu15 * np.exp(-gamma05(L0, psi05) * A0) - mu05
/Users/fug183/PhD_thesis/Thesis_1_SNTTEM/Codes/five_time_binary/.venv/lib/python3.13/site-packages/numpy/_core/fromnumeric.py:83: RuntimeWarning: invalid value encountered in reduce
  return ufunc.reduce(obj, axis, dtype, out, **passkwargs)
[Parallel(n_jobs=-1)]: Done 138 tasks      | elapsed: 11.8min
/Users/fug183/PhD_thesis/Thesis_1_SNTTEM/Codes/five_time_binary/psi0_python/n24000/estimators.py:109: RuntimeWarning: overflow encountered in exp
  b0 = mu15 * np.exp(-gamma05(L0, psi05) * A0) - mu05
/Users/fug183/PhD_thesis/Thesis_1_SNTTEM/Codes/five_time_binary/.venv/lib/python3.13/site-packages/numpy/_core/fromnumeric.py:83: RuntimeWarning: invalid value encountered in reduce
  return ufunc.reduce(obj, axis, dtype, out, **passkwargs)
/Users/fug183/PhD_thesis/Thesis_1_SNTTEM/Codes/five_time_binary/psi0_python/n24000/estimators.py:109: RuntimeWarning: overflow encountered in exp
  b0 = mu15 * np.exp(-gamma05(L0, psi05) * A0) - mu05
/Users/fug183/PhD_thesis/Thesis_1_SNTTEM/Codes/five_time_binary/.venv/lib/python3.13/site-packages/numpy/_core/fromnumeric.py:83: RuntimeWarning: invalid value encountered in reduce
  return ufunc.reduce(obj, axis, dtype, out, **passkwargs)
/Users/fug183/PhD_thesis/Thesis_1_SNTTEM/Codes/five_time_binary/psi0_python/n24000/estimators.py:109: RuntimeWarning: overflow encountered in exp
  b0 = mu15 * np.exp(-gamma05(L0, psi05) * A0) - mu05
/Users/fug183/PhD_thesis/Thesis_1_SNTTEM/Codes/five_time_binary/.venv/lib/python3.13/site-packages/numpy/_core/fromnumeric.py:83: RuntimeWarning: invalid value encountered in reduce
  return ufunc.reduce(obj, axis, dtype, out, **passkwargs)
/Users/fug183/PhD_thesis/Thesis_1_SNTTEM/Codes/five_time_binary/psi0_python/n24000/estimators.py:109: RuntimeWarning: overflow encountered in exp
  b0 = mu15 * np.exp(-gamma05(L0, psi05) * A0) - mu05
/Users/fug183/PhD_thesis/Thesis_1_SNTTEM/Codes/five_time_binary/.venv/lib/python3.13/site-packages/numpy/_core/fromnumeric.py:83: RuntimeWarning: invalid value encountered in reduce
  return ufunc.reduce(obj, axis, dtype, out, **passkwargs)
/Users/fug183/PhD_thesis/Thesis_1_SNTTEM/Codes/five_time_binary/psi0_python/n24000/estimators.py:109: RuntimeWarning: overflow encountered in exp
  b0 = mu15 * np.exp(-gamma05(L0, psi05) * A0) - mu05
/Users/fug183/PhD_thesis/Thesis_1_SNTTEM/Codes/five_time_binary/.venv/lib/python3.13/site-packages/numpy/_core/fromnumeric.py:83: RuntimeWarning: invalid value encountered in reduce
  return ufunc.reduce(obj, axis, dtype, out, **passkwargs)
[Parallel(n_jobs=-1)]: Done 264 tasks      | elapsed: 21.3min
/Users/fug183/PhD_thesis/Thesis_1_SNTTEM/Codes/five_time_binary/psi0_python/n24000/estimators.py:109: RuntimeWarning: overflow encountered in exp
  b0 = mu15 * np.exp(-gamma05(L0, psi05) * A0) - mu05
/Users/fug183/PhD_thesis/Thesis_1_SNTTEM/Codes/five_time_binary/.venv/lib/python3.13/site-packages/numpy/_core/fromnumeric.py:83: RuntimeWarning: invalid value encountered in reduce
  return ufunc.reduce(obj, axis, dtype, out, **passkwargs)
/Users/fug183/PhD_thesis/Thesis_1_SNTTEM/Codes/five_time_binary/psi0_python/n24000/estimators.py:109: RuntimeWarning: overflow encountered in exp
  b0 = mu15 * np.exp(-gamma05(L0, psi05) * A0) - mu05
/Users/fug183/PhD_thesis/Thesis_1_SNTTEM/Codes/five_time_binary/.venv/lib/python3.13/site-packages/numpy/_core/fromnumeric.py:83: RuntimeWarning: invalid value encountered in reduce
  return ufunc.reduce(obj, axis, dtype, out, **passkwargs)
/Users/fug183/PhD_thesis/Thesis_1_SNTTEM/Codes/five_time_binary/psi0_python/n24000/estimators.py:109: RuntimeWarning: overflow encountered in exp
  b0 = mu15 * np.exp(-gamma05(L0, psi05) * A0) - mu05
/Users/fug183/PhD_thesis/Thesis_1_SNTTEM/Codes/five_time_binary/.venv/lib/python3.13/site-packages/numpy/_core/fromnumeric.py:83: RuntimeWarning: invalid value encountered in reduce
  return ufunc.reduce(obj, axis, dtype, out, **passkwargs)
[Parallel(n_jobs=-1)]: Done 300 out of 300 | elapsed: 24.1min finished
[Parallel(n_jobs=-1)]: Using backend LokyBackend with 12 concurrent workers.
[Parallel(n_jobs=-1)]: Done  48 tasks      | elapsed:  5.5min
[Parallel(n_jobs=-1)]: Done 138 tasks      | elapsed: 15.9min
[Parallel(n_jobs=-1)]: Done 264 tasks      | elapsed: 29.3min
[Parallel(n_jobs=-1)]: Done 300 out of 300 | elapsed: 33.0min finished
[Parallel(n_jobs=-1)]: Using backend LokyBackend with 12 concurrent workers.
[Parallel(n_jobs=-1)]: Done  48 tasks      | elapsed:  6.6min
