==================================================================
SNTTEM five-time-point simulation (psi0)
==================================================================
started     : Thu Aug 27 21:10:45 EDT 2026
host        : HSPH-YVWHQMWMDV
directory   : /Users/fug183/PhD_thesis/Thesis_1_SNTTEM/Codes/five_time_binary/psi0_python/n24000
interpreter : /Users/fug183/PhD_thesis/Thesis_1_SNTTEM/Codes/five_time_binary/.venv/bin/python
python      : 3.13.15 arm64
packages    : numpy 2.5.2 | pandas 3.0.5 | scipy 1.18.1 | scikit-learn 1.9.0 | joblib 1.5.3 | matplotlib 3.11.1
cores       : 12
------------------------------------------------------------------
settings (from run_simulation.py):
  PSI05 = 0.0
  PSI15 = 0.0
  PSI25 = 0.0
  PSI35 = 0.0
  PSI45 = 0.0
  N = 24000
  N_ITER = 300
  SEED = 3411
  P_I_VALUES = [0.2, 1]
  PH_VALUES = [0.2, 0.5, 0.8]
==================================================================

[Parallel(n_jobs=-1)]: Using backend LokyBackend with 12 concurrent workers.

============================================================
[1/6] Running: p_I=(0.2, 0.2, 0.2, 0.2), ph=(0.2, 0.2, 0.2, 0.2)
============================================================
/Users/fug183/PhD_thesis/Thesis_1_SNTTEM/Codes/five_time_binary/psi0_python/n24000/estimators.py:109: RuntimeWarning: overflow encountered in exp
  b0 = mu15 * np.exp(-gamma05(L0, psi05) * A0) - mu05
/Users/fug183/PhD_thesis/Thesis_1_SNTTEM/Codes/five_time_binary/.venv/lib/python3.13/site-packages/numpy/_core/fromnumeric.py:83: RuntimeWarning: invalid value encountered in reduce
  return ufunc.reduce(obj, axis, dtype, out, **passkwargs)
/Users/fug183/PhD_thesis/Thesis_1_SNTTEM/Codes/five_time_binary/psi0_python/n24000/estimators.py:109: RuntimeWarning: overflow encountered in exp
  b0 = mu15 * np.exp(-gamma05(L0, psi05) * A0) - mu05
/Users/fug183/PhD_thesis/Thesis_1_SNTTEM/Codes/five_time_binary/.venv/lib/python3.13/site-packages/numpy/_core/fromnumeric.py:83: RuntimeWarning: invalid value encountered in reduce
  return ufunc.reduce(obj, axis, dtype, out, **passkwargs)
[Parallel(n_jobs=-1)]: Done  48 tasks      | elapsed:  4.3min
/Users/fug183/PhD_thesis/Thesis_1_SNTTEM/Codes/five_time_binary/psi0_python/n24000/estimators.py:109: RuntimeWarning: overflow encountered in exp
  b0 = mu15 * np.exp(-gamma05(L0, psi05) * A0) - mu05
/Users/fug183/PhD_thesis/Thesis_1_SNTTEM/Codes/five_time_binary/.venv/lib/python3.13/site-packages/numpy/_core/fromnumeric.py:83: RuntimeWarning: invalid value encountered in reduce
  return ufunc.reduce(obj, axis, dtype, out, **passkwargs)
[Parallel(n_jobs=-1)]: Done 138 tasks      | elapsed:  9.6min
/Users/fug183/PhD_thesis/Thesis_1_SNTTEM/Codes/five_time_binary/psi0_python/n24000/estimators.py:109: RuntimeWarning: overflow encountered in exp
  b0 = mu15 * np.exp(-gamma05(L0, psi05) * A0) - mu05
/Users/fug183/PhD_thesis/Thesis_1_SNTTEM/Codes/five_time_binary/.venv/lib/python3.13/site-packages/numpy/_core/fromnumeric.py:83: RuntimeWarning: invalid value encountered in reduce
  return ufunc.reduce(obj, axis, dtype, out, **passkwargs)
/Users/fug183/PhD_thesis/Thesis_1_SNTTEM/Codes/five_time_binary/psi0_python/n24000/estimators.py:109: RuntimeWarning: overflow encountered in exp
  b0 = mu15 * np.exp(-gamma05(L0, psi05) * A0) - mu05
/Users/fug183/PhD_thesis/Thesis_1_SNTTEM/Codes/five_time_binary/.venv/lib/python3.13/site-packages/numpy/_core/fromnumeric.py:83: RuntimeWarning: invalid value encountered in reduce
  return ufunc.reduce(obj, axis, dtype, out, **passkwargs)
[Parallel(n_jobs=-1)]: Done 264 tasks      | elapsed: 18.4min
/Users/fug183/PhD_thesis/Thesis_1_SNTTEM/Codes/five_time_binary/psi0_python/n24000/estimators.py:109: RuntimeWarning: overflow encountered in exp
  b0 = mu15 * np.exp(-gamma05(L0, psi05) * A0) - mu05
/Users/fug183/PhD_thesis/Thesis_1_SNTTEM/Codes/five_time_binary/psi0_python/n24000/estimators.py:109: RuntimeWarning: overflow encountered in multiply
  b0 = mu15 * np.exp(-gamma05(L0, psi05) * A0) - mu05
/Users/fug183/PhD_thesis/Thesis_1_SNTTEM/Codes/five_time_binary/.venv/lib/python3.13/site-packages/numpy/_core/fromnumeric.py:83: RuntimeWarning: invalid value encountered in reduce
  return ufunc.reduce(obj, axis, dtype, out, **passkwargs)
/Users/fug183/PhD_thesis/Thesis_1_SNTTEM/Codes/five_time_binary/psi0_python/n24000/estimators.py:109: RuntimeWarning: overflow encountered in exp
  b0 = mu15 * np.exp(-gamma05(L0, psi05) * A0) - mu05
/Users/fug183/PhD_thesis/Thesis_1_SNTTEM/Codes/five_time_binary/.venv/lib/python3.13/site-packages/numpy/_core/fromnumeric.py:83: RuntimeWarning: invalid value encountered in reduce
  return ufunc.reduce(obj, axis, dtype, out, **passkwargs)
[Parallel(n_jobs=-1)]: Done 300 out of 300 | elapsed: 21.4min finished
[Parallel(n_jobs=-1)]: Using backend LokyBackend with 12 concurrent workers.
[Parallel(n_jobs=-1)]: Done  48 tasks      | elapsed:  5.8min
[Parallel(n_jobs=-1)]: Done 138 tasks      | elapsed: 16.0min
[Parallel(n_jobs=-1)]: Done 264 tasks      | elapsed: 29.3min
[Parallel(n_jobs=-1)]: Done 300 out of 300 | elapsed: 33.0min finished
[Parallel(n_jobs=-1)]: Using backend LokyBackend with 12 concurrent workers.
[Parallel(n_jobs=-1)]: Done  48 tasks      | elapsed:  6.5min
[Parallel(n_jobs=-1)]: Done 138 tasks      | elapsed: 19.4min
[Parallel(n_jobs=-1)]: Done 264 tasks      | elapsed: 35.6min
[Parallel(n_jobs=-1)]: Done 300 out of 300 | elapsed: 40.2min finished
[Parallel(n_jobs=-1)]: Using backend LokyBackend with 12 concurrent workers.
/Users/fug183/PhD_thesis/Thesis_1_SNTTEM/Codes/five_time_binary/psi0_python/n24000/estimators.py:109: RuntimeWarning: overflow encountered in exp
  b0 = mu15 * np.exp(-gamma05(L0, psi05) * A0) - mu05
/Users/fug183/PhD_thesis/Thesis_1_SNTTEM/Codes/five_time_binary/.venv/lib/python3.13/site-packages/numpy/_core/fromnumeric.py:83: RuntimeWarning: invalid value encountered in reduce
  return ufunc.reduce(obj, axis, dtype, out, **passkwargs)
/Users/fug183/PhD_thesis/Thesis_1_SNTTEM/Codes/five_time_binary/psi0_python/n24000/estimators.py:109: RuntimeWarning: overflow encountered in exp
  b0 = mu15 * np.exp(-gamma05(L0, psi05) * A0) - mu05
/Users/fug183/PhD_thesis/Thesis_1_SNTTEM/Codes/five_time_binary/.venv/lib/python3.13/site-packages/numpy/_core/fromnumeric.py:83: RuntimeWarning: invalid value encountered in reduce
  return ufunc.reduce(obj, axis, dtype, out, **passkwargs)
[Parallel(n_jobs=-1)]: Done  48 tasks      | elapsed:  3.8min
/Users/fug183/PhD_thesis/Thesis_1_SNTTEM/Codes/five_time_binary/psi0_python/n24000/estimators.py:109: RuntimeWarning: overflow encountered in exp
  b0 = mu15 * np.exp(-gamma05(L0, psi05) * A0) - mu05
/Users/fug183/PhD_thesis/Thesis_1_SNTTEM/Codes/five_time_binary/.venv/lib/python3.13/site-packages/numpy/_core/fromnumeric.py:83: RuntimeWarning: invalid value encountered in reduce
  return ufunc.reduce(obj, axis, dtype, out, **passkwargs)
/Users/fug183/PhD_thesis/Thesis_1_SNTTEM/Codes/five_time_binary/psi0_python/n24000/estimators.py:109: RuntimeWarning: overflow encountered in multiply
  b0 = mu15 * np.exp(-gamma05(L0, psi05) * A0) - mu05
/Users/fug183/PhD_thesis/Thesis_1_SNTTEM/Codes/five_time_binary/psi0_python/n24000/estimators.py:109: RuntimeWarning: overflow encountered in exp
  b0 = mu15 * np.exp(-gamma05(L0, psi05) * A0) - mu05
/Users/fug183/PhD_thesis/Thesis_1_SNTTEM/Codes/five_time_binary/psi0_python/n24000/estimators.py:109: RuntimeWarning: overflow encountered in multiply
  b0 = mu15 * np.exp(-gamma05(L0, psi05) * A0) - mu05
/Users/fug183/PhD_thesis/Thesis_1_SNTTEM/Codes/five_time_binary/.venv/lib/python3.13/site-packages/numpy/_core/fromnumeric.py:83: RuntimeWarning: invalid value encountered in reduce
  return ufunc.reduce(obj, axis, dtype, out, **passkwargs)
/Users/fug183/PhD_thesis/Thesis_1_SNTTEM/Codes/five_time_binary/psi0_python/n24000/estimators.py:109: RuntimeWarning: overflow encountered in exp
  b0 = mu15 * np.exp(-gamma05(L0, psi05) * A0) - mu05
/Users/fug183/PhD_thesis/Thesis_1_SNTTEM/Codes/five_time_binary/psi0_python/n24000/estimators.py:109: RuntimeWarning: overflow encountered in multiply
  b0 = mu15 * np.exp(-gamma05(L0, psi05) * A0) - mu05
/Users/fug183/PhD_thesis/Thesis_1_SNTTEM/Codes/five_time_binary/.venv/lib/python3.13/site-packages/numpy/_core/fromnumeric.py:83: RuntimeWarning: invalid value encountered in reduce
  return ufunc.reduce(obj, axis, dtype, out, **passkwargs)
/Users/fug183/PhD_thesis/Thesis_1_SNTTEM/Codes/five_time_binary/psi0_python/n24000/estimators.py:109: RuntimeWarning: overflow encountered in exp
  b0 = mu15 * np.exp(-gamma05(L0, psi05) * A0) - mu05
/Users/fug183/PhD_thesis/Thesis_1_SNTTEM/Codes/five_time_binary/.venv/lib/python3.13/site-packages/numpy/_core/fromnumeric.py:83: RuntimeWarning: invalid value encountered in reduce
  return ufunc.reduce(obj, axis, dtype, out, **passkwargs)
[Parallel(n_jobs=-1)]: Done 138 tasks      | elapsed: 11.2min
/Users/fug183/PhD_thesis/Thesis_1_SNTTEM/Codes/five_time_binary/psi0_python/n24000/estimators.py:49: RuntimeWarning: overflow encountered in exp
  + mu15 * np.exp(-gamma05(L0, psi05) * A0)
/Users/fug183/PhD_thesis/Thesis_1_SNTTEM/Codes/five_time_binary/.venv/lib/python3.13/site-packages/numpy/_core/fromnumeric.py:83: RuntimeWarning: invalid value encountered in reduce
  return ufunc.reduce(obj, axis, dtype, out, **passkwargs)
/Users/fug183/PhD_thesis/Thesis_1_SNTTEM/Codes/five_time_binary/psi0_python/n24000/estimators.py:109: RuntimeWarning: overflow encountered in exp
  b0 = mu15 * np.exp(-gamma05(L0, psi05) * A0) - mu05
/Users/fug183/PhD_thesis/Thesis_1_SNTTEM/Codes/five_time_binary/psi0_python/n24000/estimators.py:109: RuntimeWarning: overflow encountered in multiply
  b0 = mu15 * np.exp(-gamma05(L0, psi05) * A0) - mu05
/Users/fug183/PhD_thesis/Thesis_1_SNTTEM/Codes/five_time_binary/psi0_python/n24000/estimators.py:109: RuntimeWarning: overflow encountered in exp
  b0 = mu15 * np.exp(-gamma05(L0, psi05) * A0) - mu05
/Users/fug183/PhD_thesis/Thesis_1_SNTTEM/Codes/five_time_binary/.venv/lib/python3.13/site-packages/numpy/_core/fromnumeric.py:83: RuntimeWarning: invalid value encountered in reduce
  return ufunc.reduce(obj, axis, dtype, out, **passkwargs)
/Users/fug183/PhD_thesis/Thesis_1_SNTTEM/Codes/five_time_binary/psi0_python/n24000/estimators.py:109: RuntimeWarning: overflow encountered in exp
  b0 = mu15 * np.exp(-gamma05(L0, psi05) * A0) - mu05
/Users/fug183/PhD_thesis/Thesis_1_SNTTEM/Codes/five_time_binary/.venv/lib/python3.13/site-packages/numpy/_core/fromnumeric.py:83: RuntimeWarning: invalid value encountered in reduce
  return ufunc.reduce(obj, axis, dtype, out, **passkwargs)
[Parallel(n_jobs=-1)]: Done 264 tasks      | elapsed: 20.5min
/Users/fug183/PhD_thesis/Thesis_1_SNTTEM/Codes/five_time_binary/psi0_python/n24000/estimators.py:109: RuntimeWarning: overflow encountered in exp
  b0 = mu15 * np.exp(-gamma05(L0, psi05) * A0) - mu05
/Users/fug183/PhD_thesis/Thesis_1_SNTTEM/Codes/five_time_binary/.venv/lib/python3.13/site-packages/numpy/_core/fromnumeric.py:83: RuntimeWarning: invalid value encountered in reduce
  return ufunc.reduce(obj, axis, dtype, out, **passkwargs)
/Users/fug183/PhD_thesis/Thesis_1_SNTTEM/Codes/five_time_binary/psi0_python/n24000/estimators.py:109: RuntimeWarning: overflow encountered in exp
  b0 = mu15 * np.exp(-gamma05(L0, psi05) * A0) - mu05
/Users/fug183/PhD_thesis/Thesis_1_SNTTEM/Codes/five_time_binary/.venv/lib/python3.13/site-packages/numpy/_core/fromnumeric.py:83: RuntimeWarning: invalid value encountered in reduce
  return ufunc.reduce(obj, axis, dtype, out, **passkwargs)
/Users/fug183/PhD_thesis/Thesis_1_SNTTEM/Codes/five_time_binary/psi0_python/n24000/estimators.py:109: RuntimeWarning: overflow encountered in exp
  b0 = mu15 * np.exp(-gamma05(L0, psi05) * A0) - mu05
/Users/fug183/PhD_thesis/Thesis_1_SNTTEM/Codes/five_time_binary/.venv/lib/python3.13/site-packages/numpy/_core/fromnumeric.py:83: RuntimeWarning: invalid value encountered in reduce
  return ufunc.reduce(obj, axis, dtype, out, **passkwargs)
[Parallel(n_jobs=-1)]: Done 300 out of 300 | elapsed: 23.2min finished
[Parallel(n_jobs=-1)]: Using backend LokyBackend with 12 concurrent workers.
[Parallel(n_jobs=-1)]: Done  48 tasks      | elapsed:  5.3min
[Parallel(n_jobs=-1)]: Done 138 tasks      | elapsed: 15.6min
[Parallel(n_jobs=-1)]: Done 264 tasks      | elapsed: 28.4min
[Parallel(n_jobs=-1)]: Done 300 out of 300 | elapsed: 32.1min finished
[Parallel(n_jobs=-1)]: Using backend LokyBackend with 12 concurrent workers.
[Parallel(n_jobs=-1)]: Done  48 tasks      | elapsed:  6.6min
[Parallel(n_jobs=-1)]: Done 138 tasks      | elapsed: 19.1min
[Parallel(n_jobs=-1)]: Done 264 tasks      | elapsed: 35.2min
[Parallel(n_jobs=-1)]: Done 300 out of 300 | elapsed: 39.9min finished
Done in 1286.7s

============================================================
[2/6] Running: p_I=(0.2, 0.2, 0.2, 0.2), ph=(0.5, 0.5, 0.5, 0.5)
============================================================
Done in 1981.5s

============================================================
[3/6] Running: p_I=(0.2, 0.2, 0.2, 0.2), ph=(0.8, 0.8, 0.8, 0.8)
============================================================
Done in 2412.0s

============================================================
[4/6] Running: p_I=(1, 1, 1, 1), ph=(0.2, 0.2, 0.2, 0.2)
============================================================
Done in 1390.9s

============================================================
[5/6] Running: p_I=(1, 1, 1, 1), ph=(0.5, 0.5, 0.5, 0.5)
============================================================
Done in 1925.2s

============================================================
[6/6] Running: p_I=(1, 1, 1, 1), ph=(0.8, 0.8, 0.8, 0.8)
============================================================
Done in 2395.1s

============================================================
TIMING REPORT  (300 iterations per combination)
============================================================
 p_I1  p_I2  p_I3  p_I4  ph1  ph2  ph3  ph4     seconds
  0.2   0.2   0.2   0.2  0.2  0.2  0.2  0.2 1286.701648
  0.2   0.2   0.2   0.2  0.5  0.5  0.5  0.5 1981.486037
  0.2   0.2   0.2   0.2  0.8  0.8  0.8  0.8 2412.003415
  1.0   1.0   1.0   1.0  0.2  0.2  0.2  0.2 1390.911837
  1.0   1.0   1.0   1.0  0.5  0.5  0.5  0.5 1925.224036
  1.0   1.0   1.0   1.0  0.8  0.8  0.8  0.8 2395.107566

Average simulation time per combination: 1898.6s (min 1286.7s, max 2412.0s)
Total elapsed over 6 combinations: 11391.5s
Saved results to /Users/fug183/PhD_thesis/Thesis_1_SNTTEM/Codes/five_time_binary/psi0_python/n24000/simulation_results.pkl
Saved timings to /Users/fug183/PhD_thesis/Thesis_1_SNTTEM/Codes/five_time_binary/psi0_python/n24000/simulation_results_timings.csv

==================================================================
finished    : Fri Aug 28 00:20:42 EDT 2026
elapsed     : 3h 9m 54s
exit status : 0
outputs     : simulation_results.pkl / .csv, simulation_results_timings.csv
==================================================================
