[Parallel(n_jobs=-1)]: Using backend LokyBackend with 12 concurrent workers.

============================================================
[1/36] Running: p_I1=0.2, p_I2=0.2, ph1=0.2, ph2=0.2
============================================================
/Users/fuyuguo/PhD_thesis/Thesis_1_SNTTEM/Codes/three_time_binary/psi0_python/n12000/estimators.py:72: RuntimeWarning: overflow encountered in exp
  + mu13 * np.exp(-gamma03(L0, psi03) * A0)
/Users/fuyuguo/opt/anaconda3/lib/python3.9/site-packages/numpy/core/fromnumeric.py:86: RuntimeWarning: invalid value encountered in reduce
  return ufunc.reduce(obj, axis, dtype, out, **passkwargs)
/Users/fuyuguo/PhD_thesis/Thesis_1_SNTTEM/Codes/three_time_binary/psi0_python/n12000/estimators.py:72: RuntimeWarning: overflow encountered in exp
  + mu13 * np.exp(-gamma03(L0, psi03) * A0)
/Users/fuyuguo/opt/anaconda3/lib/python3.9/site-packages/numpy/core/fromnumeric.py:86: RuntimeWarning: invalid value encountered in reduce
  return ufunc.reduce(obj, axis, dtype, out, **passkwargs)
/Users/fuyuguo/PhD_thesis/Thesis_1_SNTTEM/Codes/three_time_binary/psi0_python/n12000/estimators.py:72: RuntimeWarning: overflow encountered in exp
  + mu13 * np.exp(-gamma03(L0, psi03) * A0)
/Users/fuyuguo/opt/anaconda3/lib/python3.9/site-packages/numpy/core/fromnumeric.py:86: RuntimeWarning: invalid value encountered in reduce
  return ufunc.reduce(obj, axis, dtype, out, **passkwargs)
/Users/fuyuguo/PhD_thesis/Thesis_1_SNTTEM/Codes/three_time_binary/psi0_python/n12000/estimators.py:72: RuntimeWarning: overflow encountered in exp
  + mu13 * np.exp(-gamma03(L0, psi03) * A0)
/Users/fuyuguo/opt/anaconda3/lib/python3.9/site-packages/numpy/core/fromnumeric.py:86: RuntimeWarning: invalid value encountered in reduce
  return ufunc.reduce(obj, axis, dtype, out, **passkwargs)
/Users/fuyuguo/PhD_thesis/Thesis_1_SNTTEM/Codes/three_time_binary/psi0_python/n12000/estimators.py:72: RuntimeWarning: overflow encountered in exp
  + mu13 * np.exp(-gamma03(L0, psi03) * A0)
/Users/fuyuguo/opt/anaconda3/lib/python3.9/site-packages/numpy/core/fromnumeric.py:86: RuntimeWarning: invalid value encountered in reduce
  return ufunc.reduce(obj, axis, dtype, out, **passkwargs)
/Users/fuyuguo/PhD_thesis/Thesis_1_SNTTEM/Codes/three_time_binary/psi0_python/n12000/estimators.py:72: RuntimeWarning: overflow encountered in exp
  + mu13 * np.exp(-gamma03(L0, psi03) * A0)
/Users/fuyuguo/opt/anaconda3/lib/python3.9/site-packages/numpy/core/fromnumeric.py:86: RuntimeWarning: invalid value encountered in reduce
  return ufunc.reduce(obj, axis, dtype, out, **passkwargs)
/Users/fuyuguo/PhD_thesis/Thesis_1_SNTTEM/Codes/three_time_binary/psi0_python/n12000/estimators.py:72: RuntimeWarning: overflow encountered in exp
  + mu13 * np.exp(-gamma03(L0, psi03) * A0)
/Users/fuyuguo/opt/anaconda3/lib/python3.9/site-packages/numpy/core/fromnumeric.py:86: RuntimeWarning: invalid value encountered in reduce
  return ufunc.reduce(obj, axis, dtype, out, **passkwargs)
[Parallel(n_jobs=-1)]: Done  48 tasks      | elapsed:  1.6min
/Users/fuyuguo/PhD_thesis/Thesis_1_SNTTEM/Codes/three_time_binary/psi0_python/n12000/estimators.py:72: RuntimeWarning: overflow encountered in exp
  + mu13 * np.exp(-gamma03(L0, psi03) * A0)
/Users/fuyuguo/PhD_thesis/Thesis_1_SNTTEM/Codes/three_time_binary/psi0_python/n12000/estimators.py:72: RuntimeWarning: overflow encountered in multiply
  + mu13 * np.exp(-gamma03(L0, psi03) * A0)
/Users/fuyuguo/opt/anaconda3/lib/python3.9/site-packages/numpy/core/fromnumeric.py:86: RuntimeWarning: invalid value encountered in reduce
  return ufunc.reduce(obj, axis, dtype, out, **passkwargs)
/Users/fuyuguo/PhD_thesis/Thesis_1_SNTTEM/Codes/three_time_binary/psi0_python/n12000/estimators.py:72: RuntimeWarning: overflow encountered in exp
  + mu13 * np.exp(-gamma03(L0, psi03) * A0)
/Users/fuyuguo/opt/anaconda3/lib/python3.9/site-packages/numpy/core/fromnumeric.py:86: RuntimeWarning: invalid value encountered in reduce
  return ufunc.reduce(obj, axis, dtype, out, **passkwargs)
/Users/fuyuguo/PhD_thesis/Thesis_1_SNTTEM/Codes/three_time_binary/psi0_python/n12000/estimators.py:72: RuntimeWarning: overflow encountered in exp
  + mu13 * np.exp(-gamma03(L0, psi03) * A0)
/Users/fuyuguo/opt/anaconda3/lib/python3.9/site-packages/numpy/core/fromnumeric.py:86: RuntimeWarning: invalid value encountered in reduce
  return ufunc.reduce(obj, axis, dtype, out, **passkwargs)
/Users/fuyuguo/PhD_thesis/Thesis_1_SNTTEM/Codes/three_time_binary/psi0_python/n12000/estimators.py:72: RuntimeWarning: overflow encountered in exp
  + mu13 * np.exp(-gamma03(L0, psi03) * A0)
/Users/fuyuguo/opt/anaconda3/lib/python3.9/site-packages/numpy/core/fromnumeric.py:86: RuntimeWarning: invalid value encountered in reduce
  return ufunc.reduce(obj, axis, dtype, out, **passkwargs)
/Users/fuyuguo/PhD_thesis/Thesis_1_SNTTEM/Codes/three_time_binary/psi0_python/n12000/estimators.py:72: RuntimeWarning: overflow encountered in exp
  + mu13 * np.exp(-gamma03(L0, psi03) * A0)
/Users/fuyuguo/opt/anaconda3/lib/python3.9/site-packages/numpy/core/fromnumeric.py:86: RuntimeWarning: invalid value encountered in reduce
  return ufunc.reduce(obj, axis, dtype, out, **passkwargs)
/Users/fuyuguo/PhD_thesis/Thesis_1_SNTTEM/Codes/three_time_binary/psi0_python/n12000/estimators.py:72: RuntimeWarning: overflow encountered in exp
  + mu13 * np.exp(-gamma03(L0, psi03) * A0)
/Users/fuyuguo/opt/anaconda3/lib/python3.9/site-packages/numpy/core/fromnumeric.py:86: RuntimeWarning: invalid value encountered in reduce
  return ufunc.reduce(obj, axis, dtype, out, **passkwargs)
/Users/fuyuguo/PhD_thesis/Thesis_1_SNTTEM/Codes/three_time_binary/psi0_python/n12000/estimators.py:72: RuntimeWarning: overflow encountered in exp
  + mu13 * np.exp(-gamma03(L0, psi03) * A0)
/Users/fuyuguo/opt/anaconda3/lib/python3.9/site-packages/numpy/core/fromnumeric.py:86: RuntimeWarning: invalid value encountered in reduce
  return ufunc.reduce(obj, axis, dtype, out, **passkwargs)
/Users/fuyuguo/PhD_thesis/Thesis_1_SNTTEM/Codes/three_time_binary/psi0_python/n12000/estimators.py:72: RuntimeWarning: overflow encountered in exp
  + mu13 * np.exp(-gamma03(L0, psi03) * A0)
/Users/fuyuguo/opt/anaconda3/lib/python3.9/site-packages/numpy/core/fromnumeric.py:86: RuntimeWarning: invalid value encountered in reduce
  return ufunc.reduce(obj, axis, dtype, out, **passkwargs)
/Users/fuyuguo/PhD_thesis/Thesis_1_SNTTEM/Codes/three_time_binary/psi0_python/n12000/estimators.py:72: RuntimeWarning: overflow encountered in exp
  + mu13 * np.exp(-gamma03(L0, psi03) * A0)
/Users/fuyuguo/opt/anaconda3/lib/python3.9/site-packages/numpy/core/fromnumeric.py:86: RuntimeWarning: invalid value encountered in reduce
  return ufunc.reduce(obj, axis, dtype, out, **passkwargs)
/Users/fuyuguo/PhD_thesis/Thesis_1_SNTTEM/Codes/three_time_binary/psi0_python/n12000/estimators.py:72: RuntimeWarning: overflow encountered in exp
  + mu13 * np.exp(-gamma03(L0, psi03) * A0)
/Users/fuyuguo/opt/anaconda3/lib/python3.9/site-packages/numpy/core/fromnumeric.py:86: RuntimeWarning: invalid value encountered in reduce
  return ufunc.reduce(obj, axis, dtype, out, **passkwargs)
[Parallel(n_jobs=-1)]: Done 138 tasks      | elapsed:  4.4min
/Users/fuyuguo/PhD_thesis/Thesis_1_SNTTEM/Codes/three_time_binary/psi0_python/n12000/estimators.py:72: RuntimeWarning: overflow encountered in exp
  + mu13 * np.exp(-gamma03(L0, psi03) * A0)
/Users/fuyuguo/opt/anaconda3/lib/python3.9/site-packages/numpy/core/fromnumeric.py:86: RuntimeWarning: invalid value encountered in reduce
  return ufunc.reduce(obj, axis, dtype, out, **passkwargs)
/Users/fuyuguo/PhD_thesis/Thesis_1_SNTTEM/Codes/three_time_binary/psi0_python/n12000/estimators.py:72: RuntimeWarning: overflow encountered in exp
  + mu13 * np.exp(-gamma03(L0, psi03) * A0)
/Users/fuyuguo/opt/anaconda3/lib/python3.9/site-packages/numpy/core/fromnumeric.py:86: RuntimeWarning: invalid value encountered in reduce
  return ufunc.reduce(obj, axis, dtype, out, **passkwargs)
/Users/fuyuguo/PhD_thesis/Thesis_1_SNTTEM/Codes/three_time_binary/psi0_python/n12000/estimators.py:72: RuntimeWarning: overflow encountered in exp
  + mu13 * np.exp(-gamma03(L0, psi03) * A0)
/Users/fuyuguo/opt/anaconda3/lib/python3.9/site-packages/numpy/core/fromnumeric.py:86: RuntimeWarning: invalid value encountered in reduce
  return ufunc.reduce(obj, axis, dtype, out, **passkwargs)
/Users/fuyuguo/PhD_thesis/Thesis_1_SNTTEM/Codes/three_time_binary/psi0_python/n12000/estimators.py:72: RuntimeWarning: overflow encountered in exp
  + mu13 * np.exp(-gamma03(L0, psi03) * A0)
/Users/fuyuguo/opt/anaconda3/lib/python3.9/site-packages/numpy/core/fromnumeric.py:86: RuntimeWarning: invalid value encountered in reduce
  return ufunc.reduce(obj, axis, dtype, out, **passkwargs)
/Users/fuyuguo/PhD_thesis/Thesis_1_SNTTEM/Codes/three_time_binary/psi0_python/n12000/estimators.py:39: RuntimeWarning: overflow encountered in exp
  + mu13 * np.exp(-gamma03(L0, psi03) * A0)
/Users/fuyuguo/PhD_thesis/Thesis_1_SNTTEM/Codes/three_time_binary/psi0_python/n12000/estimators.py:72: RuntimeWarning: overflow encountered in exp
  + mu13 * np.exp(-gamma03(L0, psi03) * A0)
/Users/fuyuguo/opt/anaconda3/lib/python3.9/site-packages/numpy/core/fromnumeric.py:86: RuntimeWarning: invalid value encountered in reduce
  return ufunc.reduce(obj, axis, dtype, out, **passkwargs)
/Users/fuyuguo/PhD_thesis/Thesis_1_SNTTEM/Codes/three_time_binary/psi0_python/n12000/estimators.py:72: RuntimeWarning: overflow encountered in exp
  + mu13 * np.exp(-gamma03(L0, psi03) * A0)
/Users/fuyuguo/opt/anaconda3/lib/python3.9/site-packages/numpy/core/fromnumeric.py:86: RuntimeWarning: invalid value encountered in reduce
  return ufunc.reduce(obj, axis, dtype, out, **passkwargs)
/Users/fuyuguo/PhD_thesis/Thesis_1_SNTTEM/Codes/three_time_binary/psi0_python/n12000/estimators.py:72: RuntimeWarning: overflow encountered in exp
  + mu13 * np.exp(-gamma03(L0, psi03) * A0)
/Users/fuyuguo/opt/anaconda3/lib/python3.9/site-packages/numpy/core/fromnumeric.py:86: RuntimeWarning: invalid value encountered in reduce
  return ufunc.reduce(obj, axis, dtype, out, **passkwargs)
/Users/fuyuguo/PhD_thesis/Thesis_1_SNTTEM/Codes/three_time_binary/psi0_python/n12000/estimators.py:39: RuntimeWarning: overflow encountered in exp
  + mu13 * np.exp(-gamma03(L0, psi03) * A0)
/Users/fuyuguo/PhD_thesis/Thesis_1_SNTTEM/Codes/three_time_binary/psi0_python/n12000/estimators.py:72: RuntimeWarning: overflow encountered in exp
  + mu13 * np.exp(-gamma03(L0, psi03) * A0)
/Users/fuyuguo/opt/anaconda3/lib/python3.9/site-packages/numpy/core/fromnumeric.py:86: RuntimeWarning: invalid value encountered in reduce
  return ufunc.reduce(obj, axis, dtype, out, **passkwargs)
/Users/fuyuguo/PhD_thesis/Thesis_1_SNTTEM/Codes/three_time_binary/psi0_python/n12000/estimators.py:72: RuntimeWarning: overflow encountered in exp
  + mu13 * np.exp(-gamma03(L0, psi03) * A0)
/Users/fuyuguo/opt/anaconda3/lib/python3.9/site-packages/numpy/core/fromnumeric.py:86: RuntimeWarning: invalid value encountered in reduce
  return ufunc.reduce(obj, axis, dtype, out, **passkwargs)
/Users/fuyuguo/PhD_thesis/Thesis_1_SNTTEM/Codes/three_time_binary/psi0_python/n12000/estimators.py:72: RuntimeWarning: overflow encountered in exp
  + mu13 * np.exp(-gamma03(L0, psi03) * A0)
/Users/fuyuguo/opt/anaconda3/lib/python3.9/site-packages/numpy/core/fromnumeric.py:86: RuntimeWarning: invalid value encountered in reduce
  return ufunc.reduce(obj, axis, dtype, out, **passkwargs)
/Users/fuyuguo/PhD_thesis/Thesis_1_SNTTEM/Codes/three_time_binary/psi0_python/n12000/estimators.py:72: RuntimeWarning: overflow encountered in exp
  + mu13 * np.exp(-gamma03(L0, psi03) * A0)
/Users/fuyuguo/opt/anaconda3/lib/python3.9/site-packages/numpy/core/fromnumeric.py:86: RuntimeWarning: invalid value encountered in reduce
  return ufunc.reduce(obj, axis, dtype, out, **passkwargs)
/Users/fuyuguo/PhD_thesis/Thesis_1_SNTTEM/Codes/three_time_binary/psi0_python/n12000/estimators.py:72: RuntimeWarning: overflow encountered in exp
  + mu13 * np.exp(-gamma03(L0, psi03) * A0)
/Users/fuyuguo/opt/anaconda3/lib/python3.9/site-packages/numpy/core/fromnumeric.py:86: RuntimeWarning: invalid value encountered in reduce
  return ufunc.reduce(obj, axis, dtype, out, **passkwargs)
/Users/fuyuguo/PhD_thesis/Thesis_1_SNTTEM/Codes/three_time_binary/psi0_python/n12000/estimators.py:39: RuntimeWarning: overflow encountered in exp
  + mu13 * np.exp(-gamma03(L0, psi03) * A0)
/Users/fuyuguo/opt/anaconda3/lib/python3.9/site-packages/numpy/core/fromnumeric.py:86: RuntimeWarning: invalid value encountered in reduce
  return ufunc.reduce(obj, axis, dtype, out, **passkwargs)
[Parallel(n_jobs=-1)]: Done 264 tasks      | elapsed:  8.0min
/Users/fuyuguo/PhD_thesis/Thesis_1_SNTTEM/Codes/three_time_binary/psi0_python/n12000/estimators.py:72: RuntimeWarning: overflow encountered in exp
  + mu13 * np.exp(-gamma03(L0, psi03) * A0)
/Users/fuyuguo/opt/anaconda3/lib/python3.9/site-packages/numpy/core/fromnumeric.py:86: RuntimeWarning: invalid value encountered in reduce
  return ufunc.reduce(obj, axis, dtype, out, **passkwargs)
/Users/fuyuguo/PhD_thesis/Thesis_1_SNTTEM/Codes/three_time_binary/psi0_python/n12000/estimators.py:72: RuntimeWarning: overflow encountered in exp
  + mu13 * np.exp(-gamma03(L0, psi03) * A0)
/Users/fuyuguo/opt/anaconda3/lib/python3.9/site-packages/numpy/core/fromnumeric.py:86: RuntimeWarning: invalid value encountered in reduce
  return ufunc.reduce(obj, axis, dtype, out, **passkwargs)
/Users/fuyuguo/PhD_thesis/Thesis_1_SNTTEM/Codes/three_time_binary/psi0_python/n12000/estimators.py:72: RuntimeWarning: overflow encountered in exp
  + mu13 * np.exp(-gamma03(L0, psi03) * A0)
/Users/fuyuguo/opt/anaconda3/lib/python3.9/site-packages/numpy/core/fromnumeric.py:86: RuntimeWarning: invalid value encountered in reduce
  return ufunc.reduce(obj, axis, dtype, out, **passkwargs)
/Users/fuyuguo/PhD_thesis/Thesis_1_SNTTEM/Codes/three_time_binary/psi0_python/n12000/estimators.py:72: RuntimeWarning: overflow encountered in exp
  + mu13 * np.exp(-gamma03(L0, psi03) * A0)
/Users/fuyuguo/opt/anaconda3/lib/python3.9/site-packages/numpy/core/fromnumeric.py:86: RuntimeWarning: invalid value encountered in reduce
  return ufunc.reduce(obj, axis, dtype, out, **passkwargs)
/Users/fuyuguo/PhD_thesis/Thesis_1_SNTTEM/Codes/three_time_binary/psi0_python/n12000/estimators.py:72: RuntimeWarning: overflow encountered in exp
  + mu13 * np.exp(-gamma03(L0, psi03) * A0)
/Users/fuyuguo/opt/anaconda3/lib/python3.9/site-packages/numpy/core/fromnumeric.py:86: RuntimeWarning: invalid value encountered in reduce
  return ufunc.reduce(obj, axis, dtype, out, **passkwargs)
[Parallel(n_jobs=-1)]: Done 300 out of 300 | elapsed:  8.9min finished
[Parallel(n_jobs=-1)]: Using backend LokyBackend with 12 concurrent workers.
[Parallel(n_jobs=-1)]: Done  48 tasks      | elapsed:  1.6min
[Parallel(n_jobs=-1)]: Done 138 tasks      | elapsed:  4.7min
/Users/fuyuguo/opt/anaconda3/lib/python3.9/site-packages/joblib/externals/loky/backend/resource_tracker.py:318: UserWarning: resource_tracker: There appear to be 28 leaked semlock objects to clean up at shutdown
  warnings.warn('resource_tracker: There appear to be %d '
/Users/fuyuguo/opt/anaconda3/lib/python3.9/site-packages/joblib/externals/loky/backend/resource_tracker.py:318: UserWarning: resource_tracker: There appear to be 4 leaked folder objects to clean up at shutdown
  warnings.warn('resource_tracker: There appear to be %d '
/Users/fuyuguo/opt/anaconda3/lib/python3.9/site-packages/joblib/externals/loky/backend/resource_tracker.py:333: UserWarning: resource_tracker: /var/folders/0v/hh3bhh392yb583nfcz40p8d80000gn/T/joblib_memmapping_folder_60975_315ebb53d3ee4c6ca91dae2408598472_40667aa3345441d882e8d20dc1e5422a: FileNotFoundError(2, 'No such file or directory')
  warnings.warn('resource_tracker: %s: %r' % (name, e))
/Users/fuyuguo/opt/anaconda3/lib/python3.9/site-packages/joblib/externals/loky/backend/resource_tracker.py:333: UserWarning: resource_tracker: /var/folders/0v/hh3bhh392yb583nfcz40p8d80000gn/T/joblib_memmapping_folder_60975_315ebb53d3ee4c6ca91dae2408598472_6f20e467c4c9440ebdc997beb3aa456f: FileNotFoundError(2, 'No such file or directory')
  warnings.warn('resource_tracker: %s: %r' % (name, e))
/Users/fuyuguo/opt/anaconda3/lib/python3.9/site-packages/joblib/externals/loky/backend/resource_tracker.py:333: UserWarning: resource_tracker: /var/folders/0v/hh3bhh392yb583nfcz40p8d80000gn/T/joblib_memmapping_folder_60975_d2cdc300f92d4a4a815732bda21e1019_ddb41b39faaa47559728e7da81c0d40a: FileNotFoundError(2, 'No such file or directory')
  warnings.warn('resource_tracker: %s: %r' % (name, e))
/Users/fuyuguo/opt/anaconda3/lib/python3.9/site-packages/joblib/externals/loky/backend/resource_tracker.py:333: UserWarning: resource_tracker: /var/folders/0v/hh3bhh392yb583nfcz40p8d80000gn/T/joblib_memmapping_folder_60975_315ebb53d3ee4c6ca91dae2408598472_5bea8506d9de42cfb08a571bfca4fa15: FileNotFoundError(2, 'No such file or directory')
  warnings.warn('resource_tracker: %s: %r' % (name, e))
